Archive member included because of file (symbol)

c:/program files (x86)/atmel/atmel toolchain/avr8 gcc/native/3.4.1061/avr8-gnu-toolchain/bin/../lib/gcc/avr/4.8.1/avr5\libgcc.a(_exit.o)
                              c:/program files (x86)/atmel/atmel toolchain/avr8 gcc/native/3.4.1061/avr8-gnu-toolchain/bin/../lib/gcc/avr/4.8.1/../../../../avr/lib/avr5/crtm328p.o (exit)
c:/program files (x86)/atmel/atmel toolchain/avr8 gcc/native/3.4.1061/avr8-gnu-toolchain/bin/../lib/gcc/avr/4.8.1/avr5\libgcc.a(_tablejump.o)
                              ATmega328p_HAL_Driver/src/mega328p_hal_cpu.o (__tablejump2__)
c:/program files (x86)/atmel/atmel toolchain/avr8 gcc/native/3.4.1061/avr8-gnu-toolchain/bin/../lib/gcc/avr/4.8.1/avr5\libgcc.a(_clear_bss.o)
                              ATmega328p_HAL_Driver.o (__do_clear_bss)

Discarded input sections

 .data          0x00000000        0x0 c:/program files (x86)/atmel/atmel toolchain/avr8 gcc/native/3.4.1061/avr8-gnu-toolchain/bin/../lib/gcc/avr/4.8.1/../../../../avr/lib/avr5/crtm328p.o
 .bss           0x00000000        0x0 c:/program files (x86)/atmel/atmel toolchain/avr8 gcc/native/3.4.1061/avr8-gnu-toolchain/bin/../lib/gcc/avr/4.8.1/../../../../avr/lib/avr5/crtm328p.o
 .text          0x00000000        0x0 ATmega328p_HAL_Driver.o
 .data          0x00000000        0x0 ATmega328p_HAL_Driver.o
 .bss           0x00000000        0x0 ATmega328p_HAL_Driver.o
 .text          0x00000000        0x0 ATmega328p_HAL_Driver/src/mega328p_hal_cpu.o
 .data          0x00000000        0x0 ATmega328p_HAL_Driver/src/mega328p_hal_cpu.o
 .bss           0x00000000        0x0 ATmega328p_HAL_Driver/src/mega328p_hal_cpu.o
 .text.HAL_WDT_Disable
                0x00000000       0x1a ATmega328p_HAL_Driver/src/mega328p_hal_cpu.o
 .text.HAL_WDT_SetTime
                0x00000000       0x4e ATmega328p_HAL_Driver/src/mega328p_hal_cpu.o
 .progmem.gcc_sw_table.HAL_WDT_SetTime
                0x00000000       0x14 ATmega328p_HAL_Driver/src/mega328p_hal_cpu.o
 .text.HAL_GDIO_Pull_Up
                0x00000000       0x16 ATmega328p_HAL_Driver/src/mega328p_hal_cpu.o
 .text          0x00000000        0x0 ATmega328p_HAL_Driver/src/mega328p_hal_gdio.o
 .data          0x00000000        0x0 ATmega328p_HAL_Driver/src/mega328p_hal_gdio.o
 .bss           0x00000000        0x0 ATmega328p_HAL_Driver/src/mega328p_hal_gdio.o
 .text.HAL_GDIO_PORT_Read
                0x00000000        0x2 ATmega328p_HAL_Driver/src/mega328p_hal_gdio.o
 .text          0x00000000        0x0 ATmega328p_HAL_Driver/src/mega328p_hal_exti.o
 .data          0x00000000        0x0 ATmega328p_HAL_Driver/src/mega328p_hal_exti.o
 .bss           0x00000000        0x0 ATmega328p_HAL_Driver/src/mega328p_hal_exti.o
 .text.HAL_EXTI_INT1
                0x00000000       0x42 ATmega328p_HAL_Driver/src/mega328p_hal_exti.o
 .text.HAL_EXTI_INT0
                0x00000000       0x42 ATmega328p_HAL_Driver/src/mega328p_hal_exti.o
 .debug_info    0x00000000       0xd7 ATmega328p_HAL_Driver/src/mega328p_hal_exti.o
 .debug_abbrev  0x00000000       0x89 ATmega328p_HAL_Driver/src/mega328p_hal_exti.o
 .debug_loc     0x00000000      0x10a ATmega328p_HAL_Driver/src/mega328p_hal_exti.o
 .debug_aranges
                0x00000000       0x28 ATmega328p_HAL_Driver/src/mega328p_hal_exti.o
 .debug_ranges  0x00000000       0x18 ATmega328p_HAL_Driver/src/mega328p_hal_exti.o
 .debug_line    0x00000000       0xf1 ATmega328p_HAL_Driver/src/mega328p_hal_exti.o
 .debug_str     0x00000000      0x1b4 ATmega328p_HAL_Driver/src/mega328p_hal_exti.o
 .comment       0x00000000       0x31 ATmega328p_HAL_Driver/src/mega328p_hal_exti.o
 .debug_frame   0x00000000       0x34 ATmega328p_HAL_Driver/src/mega328p_hal_exti.o
 .text          0x00000000        0x0 ATmega328p_HAL_Driver/src/mega328p_hal_timer.o
 .data          0x00000000        0x0 ATmega328p_HAL_Driver/src/mega328p_hal_timer.o
 .bss           0x00000000        0x0 ATmega328p_HAL_Driver/src/mega328p_hal_timer.o
 .text          0x00000000        0x0 ATmega328p_HAL_Driver/src/mega328p_hal_usart.o
 .data          0x00000000        0x0 ATmega328p_HAL_Driver/src/mega328p_hal_usart.o
 .bss           0x00000000        0x0 ATmega328p_HAL_Driver/src/mega328p_hal_usart.o
 .text.HAL_USART_Init
                0x00000000       0x1e ATmega328p_HAL_Driver/src/mega328p_hal_usart.o
 .text.HAL_USART_TX_IT
                0x00000000       0x1a ATmega328p_HAL_Driver/src/mega328p_hal_usart.o
 .text.HAL_USART_RX_IT
                0x00000000       0x14 ATmega328p_HAL_Driver/src/mega328p_hal_usart.o
 .text.HAL_USART_Transmit_9BIT
                0x00000000       0x26 ATmega328p_HAL_Driver/src/mega328p_hal_usart.o
 .text.HAL_USART_Receive
                0x00000000        0xe ATmega328p_HAL_Driver/src/mega328p_hal_usart.o
 .text.HAL_USART_Receive_9BIT
                0x00000000       0x1a ATmega328p_HAL_Driver/src/mega328p_hal_usart.o
 .text          0x00000000        0x0 c:/program files (x86)/atmel/atmel toolchain/avr8 gcc/native/3.4.1061/avr8-gnu-toolchain/bin/../lib/gcc/avr/4.8.1/avr5\libgcc.a(_exit.o)
 .data          0x00000000        0x0 c:/program files (x86)/atmel/atmel toolchain/avr8 gcc/native/3.4.1061/avr8-gnu-toolchain/bin/../lib/gcc/avr/4.8.1/avr5\libgcc.a(_exit.o)
 .bss           0x00000000        0x0 c:/program files (x86)/atmel/atmel toolchain/avr8 gcc/native/3.4.1061/avr8-gnu-toolchain/bin/../lib/gcc/avr/4.8.1/avr5\libgcc.a(_exit.o)
 .text.libgcc.mul
                0x00000000        0x0 c:/program files (x86)/atmel/atmel toolchain/avr8 gcc/native/3.4.1061/avr8-gnu-toolchain/bin/../lib/gcc/avr/4.8.1/avr5\libgcc.a(_exit.o)
 .text.libgcc.div
                0x00000000        0x0 c:/program files (x86)/atmel/atmel toolchain/avr8 gcc/native/3.4.1061/avr8-gnu-toolchain/bin/../lib/gcc/avr/4.8.1/avr5\libgcc.a(_exit.o)
 .text.libgcc   0x00000000        0x0 c:/program files (x86)/atmel/atmel toolchain/avr8 gcc/native/3.4.1061/avr8-gnu-toolchain/bin/../lib/gcc/avr/4.8.1/avr5\libgcc.a(_exit.o)
 .text.libgcc.prologue
                0x00000000        0x0 c:/program files (x86)/atmel/atmel toolchain/avr8 gcc/native/3.4.1061/avr8-gnu-toolchain/bin/../lib/gcc/avr/4.8.1/avr5\libgcc.a(_exit.o)
 .text.libgcc.builtins
                0x00000000        0x0 c:/program files (x86)/atmel/atmel toolchain/avr8 gcc/native/3.4.1061/avr8-gnu-toolchain/bin/../lib/gcc/avr/4.8.1/avr5\libgcc.a(_exit.o)
 .text.libgcc.fmul
                0x00000000        0x0 c:/program files (x86)/atmel/atmel toolchain/avr8 gcc/native/3.4.1061/avr8-gnu-toolchain/bin/../lib/gcc/avr/4.8.1/avr5\libgcc.a(_exit.o)
 .text.libgcc.fixed
                0x00000000        0x0 c:/program files (x86)/atmel/atmel toolchain/avr8 gcc/native/3.4.1061/avr8-gnu-toolchain/bin/../lib/gcc/avr/4.8.1/avr5\libgcc.a(_exit.o)
 .text          0x00000000        0x0 c:/program files (x86)/atmel/atmel toolchain/avr8 gcc/native/3.4.1061/avr8-gnu-toolchain/bin/../lib/gcc/avr/4.8.1/avr5\libgcc.a(_tablejump.o)
 .data          0x00000000        0x0 c:/program files (x86)/atmel/atmel toolchain/avr8 gcc/native/3.4.1061/avr8-gnu-toolchain/bin/../lib/gcc/avr/4.8.1/avr5\libgcc.a(_tablejump.o)
 .bss           0x00000000        0x0 c:/program files (x86)/atmel/atmel toolchain/avr8 gcc/native/3.4.1061/avr8-gnu-toolchain/bin/../lib/gcc/avr/4.8.1/avr5\libgcc.a(_tablejump.o)
 .text.libgcc.mul
                0x00000000        0x0 c:/program files (x86)/atmel/atmel toolchain/avr8 gcc/native/3.4.1061/avr8-gnu-toolchain/bin/../lib/gcc/avr/4.8.1/avr5\libgcc.a(_tablejump.o)
 .text.libgcc.div
                0x00000000        0x0 c:/program files (x86)/atmel/atmel toolchain/avr8 gcc/native/3.4.1061/avr8-gnu-toolchain/bin/../lib/gcc/avr/4.8.1/avr5\libgcc.a(_tablejump.o)
 .text.libgcc   0x00000000        0xc c:/program files (x86)/atmel/atmel toolchain/avr8 gcc/native/3.4.1061/avr8-gnu-toolchain/bin/../lib/gcc/avr/4.8.1/avr5\libgcc.a(_tablejump.o)
 .text.libgcc.prologue
                0x00000000        0x0 c:/program files (x86)/atmel/atmel toolchain/avr8 gcc/native/3.4.1061/avr8-gnu-toolchain/bin/../lib/gcc/avr/4.8.1/avr5\libgcc.a(_tablejump.o)
 .text.libgcc.builtins
                0x00000000        0x0 c:/program files (x86)/atmel/atmel toolchain/avr8 gcc/native/3.4.1061/avr8-gnu-toolchain/bin/../lib/gcc/avr/4.8.1/avr5\libgcc.a(_tablejump.o)
 .text.libgcc.fmul
                0x00000000        0x0 c:/program files (x86)/atmel/atmel toolchain/avr8 gcc/native/3.4.1061/avr8-gnu-toolchain/bin/../lib/gcc/avr/4.8.1/avr5\libgcc.a(_tablejump.o)
 .text.libgcc.fixed
                0x00000000        0x0 c:/program files (x86)/atmel/atmel toolchain/avr8 gcc/native/3.4.1061/avr8-gnu-toolchain/bin/../lib/gcc/avr/4.8.1/avr5\libgcc.a(_tablejump.o)
 .text          0x00000000        0x0 c:/program files (x86)/atmel/atmel toolchain/avr8 gcc/native/3.4.1061/avr8-gnu-toolchain/bin/../lib/gcc/avr/4.8.1/avr5\libgcc.a(_clear_bss.o)
 .data          0x00000000        0x0 c:/program files (x86)/atmel/atmel toolchain/avr8 gcc/native/3.4.1061/avr8-gnu-toolchain/bin/../lib/gcc/avr/4.8.1/avr5\libgcc.a(_clear_bss.o)
 .bss           0x00000000        0x0 c:/program files (x86)/atmel/atmel toolchain/avr8 gcc/native/3.4.1061/avr8-gnu-toolchain/bin/../lib/gcc/avr/4.8.1/avr5\libgcc.a(_clear_bss.o)
 .text.libgcc.mul
                0x00000000        0x0 c:/program files (x86)/atmel/atmel toolchain/avr8 gcc/native/3.4.1061/avr8-gnu-toolchain/bin/../lib/gcc/avr/4.8.1/avr5\libgcc.a(_clear_bss.o)
 .text.libgcc.div
                0x00000000        0x0 c:/program files (x86)/atmel/atmel toolchain/avr8 gcc/native/3.4.1061/avr8-gnu-toolchain/bin/../lib/gcc/avr/4.8.1/avr5\libgcc.a(_clear_bss.o)
 .text.libgcc   0x00000000        0x0 c:/program files (x86)/atmel/atmel toolchain/avr8 gcc/native/3.4.1061/avr8-gnu-toolchain/bin/../lib/gcc/avr/4.8.1/avr5\libgcc.a(_clear_bss.o)
 .text.libgcc.prologue
                0x00000000        0x0 c:/program files (x86)/atmel/atmel toolchain/avr8 gcc/native/3.4.1061/avr8-gnu-toolchain/bin/../lib/gcc/avr/4.8.1/avr5\libgcc.a(_clear_bss.o)
 .text.libgcc.builtins
                0x00000000        0x0 c:/program files (x86)/atmel/atmel toolchain/avr8 gcc/native/3.4.1061/avr8-gnu-toolchain/bin/../lib/gcc/avr/4.8.1/avr5\libgcc.a(_clear_bss.o)
 .text.libgcc.fmul
                0x00000000        0x0 c:/program files (x86)/atmel/atmel toolchain/avr8 gcc/native/3.4.1061/avr8-gnu-toolchain/bin/../lib/gcc/avr/4.8.1/avr5\libgcc.a(_clear_bss.o)
 .text.libgcc.fixed
                0x00000000        0x0 c:/program files (x86)/atmel/atmel toolchain/avr8 gcc/native/3.4.1061/avr8-gnu-toolchain/bin/../lib/gcc/avr/4.8.1/avr5\libgcc.a(_clear_bss.o)

Memory Configuration

Name             Origin             Length             Attributes
text             0x00000000         0x00020000         xr
data             0x00800060         0x0000ffa0         rw !x
eeprom           0x00810000         0x00010000         rw !x
fuse             0x00820000         0x00000400         rw !x
lock             0x00830000         0x00000400         rw !x
signature        0x00840000         0x00000400         rw !x
user_signatures  0x00850000         0x00000400         rw !x
*default*        0x00000000         0xffffffff

Linker script and memory map

Address of section .data set to 0x800100
LOAD c:/program files (x86)/atmel/atmel toolchain/avr8 gcc/native/3.4.1061/avr8-gnu-toolchain/bin/../lib/gcc/avr/4.8.1/../../../../avr/lib/avr5/crtm328p.o
LOAD ATmega328p_HAL_Driver.o
LOAD ATmega328p_HAL_Driver/src/mega328p_hal_cpu.o
LOAD ATmega328p_HAL_Driver/src/mega328p_hal_gdio.o
LOAD ATmega328p_HAL_Driver/src/mega328p_hal_exti.o
LOAD ATmega328p_HAL_Driver/src/mega328p_hal_timer.o
LOAD ATmega328p_HAL_Driver/src/mega328p_hal_usart.o
START GROUP
LOAD c:/program files (x86)/atmel/atmel toolchain/avr8 gcc/native/3.4.1061/avr8-gnu-toolchain/bin/../lib/gcc/avr/4.8.1/../../../../avr/lib/avr5\libm.a
END GROUP
START GROUP
LOAD c:/program files (x86)/atmel/atmel toolchain/avr8 gcc/native/3.4.1061/avr8-gnu-toolchain/bin/../lib/gcc/avr/4.8.1/avr5\libgcc.a
LOAD c:/program files (x86)/atmel/atmel toolchain/avr8 gcc/native/3.4.1061/avr8-gnu-toolchain/bin/../lib/gcc/avr/4.8.1/../../../../avr/lib/avr5\libm.a
LOAD c:/program files (x86)/atmel/atmel toolchain/avr8 gcc/native/3.4.1061/avr8-gnu-toolchain/bin/../lib/gcc/avr/4.8.1/../../../../avr/lib/avr5\libc.a
END GROUP

.hash
 *(.hash)

.dynsym
 *(.dynsym)

.dynstr
 *(.dynstr)

.gnu.version
 *(.gnu.version)

.gnu.version_d
 *(.gnu.version_d)

.gnu.version_r
 *(.gnu.version_r)

.rel.init
 *(.rel.init)

.rela.init
 *(.rela.init)

.rel.text
 *(.rel.text)
 *(.rel.text.*)
 *(.rel.gnu.linkonce.t*)

.rela.text
 *(.rela.text)
 *(.rela.text.*)
 *(.rela.gnu.linkonce.t*)

.rel.fini
 *(.rel.fini)

.rela.fini
 *(.rela.fini)

.rel.rodata
 *(.rel.rodata)
 *(.rel.rodata.*)
 *(.rel.gnu.linkonce.r*)

.rela.rodata
 *(.rela.rodata)
 *(.rela.rodata.*)
 *(.rela.gnu.linkonce.r*)

.rel.data
 *(.rel.data)
 *(.rel.data.*)
 *(.rel.gnu.linkonce.d*)

.rela.data
 *(.rela.data)
 *(.rela.data.*)
 *(.rela.gnu.linkonce.d*)

.rel.ctors
 *(.rel.ctors)

.rela.ctors
 *(.rela.ctors)

.rel.dtors
 *(.rel.dtors)

.rela.dtors
 *(.rela.dtors)

.rel.got
 *(.rel.got)

.rela.got
 *(.rela.got)

.rel.bss
 *(.rel.bss)

.rela.bss
 *(.rela.bss)

.rel.plt
 *(.rel.plt)

.rela.plt
 *(.rela.plt)

.text           0x00000000      0x58a
 *(.vectors)
 .vectors       0x00000000       0x68 c:/program files (x86)/atmel/atmel toolchain/avr8 gcc/native/3.4.1061/avr8-gnu-toolchain/bin/../lib/gcc/avr/4.8.1/../../../../avr/lib/avr5/crtm328p.o
                0x00000000                __vector_default
                0x00000000                __vectors
 *(.vectors)
 *(.progmem.gcc*)
                0x00000068                . = ALIGN (0x2)
                0x00000068                __trampolines_start = .
 *(.trampolines)
 .trampolines   0x00000068        0x0 linker stubs
 *(.trampolines*)
                0x00000068                __trampolines_end = .
 *(.progmem*)
                0x00000068                . = ALIGN (0x2)
 *(.jumptables)
 *(.jumptables*)
 *(.lowtext)
 *(.lowtext*)
                0x00000068                __ctors_start = .
 *(.ctors)
                0x00000068                __ctors_end = .
                0x00000068                __dtors_start = .
 *(.dtors)
                0x00000068                __dtors_end = .
 SORT(*)(.ctors)
 SORT(*)(.dtors)
 *(.init0)
 .init0         0x00000068        0x0 c:/program files (x86)/atmel/atmel toolchain/avr8 gcc/native/3.4.1061/avr8-gnu-toolchain/bin/../lib/gcc/avr/4.8.1/../../../../avr/lib/avr5/crtm328p.o
                0x00000068                __init
 *(.init0)
 *(.init1)
 *(.init1)
 *(.init2)
 .init2         0x00000068        0xc c:/program files (x86)/atmel/atmel toolchain/avr8 gcc/native/3.4.1061/avr8-gnu-toolchain/bin/../lib/gcc/avr/4.8.1/../../../../avr/lib/avr5/crtm328p.o
 *(.init2)
 *(.init3)
 *(.init3)
 *(.init4)
 .init4         0x00000074       0x10 c:/program files (x86)/atmel/atmel toolchain/avr8 gcc/native/3.4.1061/avr8-gnu-toolchain/bin/../lib/gcc/avr/4.8.1/avr5\libgcc.a(_clear_bss.o)
                0x00000074                __do_clear_bss
 *(.init4)
 *(.init5)
 *(.init5)
 *(.init6)
 *(.init6)
 *(.init7)
 *(.init7)
 *(.init8)
 *(.init8)
 *(.init9)
 .init9         0x00000084        0x8 c:/program files (x86)/atmel/atmel toolchain/avr8 gcc/native/3.4.1061/avr8-gnu-toolchain/bin/../lib/gcc/avr/4.8.1/../../../../avr/lib/avr5/crtm328p.o
 *(.init9)
 *(.text)
 .text          0x0000008c        0x4 c:/program files (x86)/atmel/atmel toolchain/avr8 gcc/native/3.4.1061/avr8-gnu-toolchain/bin/../lib/gcc/avr/4.8.1/../../../../avr/lib/avr5/crtm328p.o
                0x0000008c                __vector_22
                0x0000008c                __vector_24
                0x0000008c                __bad_interrupt
                0x0000008c                __vector_6
                0x0000008c                __vector_3
                0x0000008c                __vector_23
                0x0000008c                __vector_25
                0x0000008c                __vector_13
                0x0000008c                __vector_17
                0x0000008c                __vector_19
                0x0000008c                __vector_7
                0x0000008c                __vector_5
                0x0000008c                __vector_4
                0x0000008c                __vector_9
                0x0000008c                __vector_21
                0x0000008c                __vector_8
                0x0000008c                __vector_10
                0x0000008c                __vector_16
                0x00000090                . = ALIGN (0x2)
 *(.text.*)
 .text.HAL_Init
                0x00000090       0x50 ATmega328p_HAL_Driver.o
                0x00000090                HAL_Init
 .text.startup.main
                0x000000e0        0x6 ATmega328p_HAL_Driver.o
                0x000000e0                main
 .text.__vector_11
                0x000000e6       0x7c ATmega328p_HAL_Driver.o
                0x000000e6                __vector_11
 .text.__vector_12
                0x00000162       0x7c ATmega328p_HAL_Driver.o
                0x00000162                __vector_12
 .text.__vector_14
                0x000001de       0x70 ATmega328p_HAL_Driver.o
                0x000001de                __vector_14
 .text.__vector_15
                0x0000024e       0x70 ATmega328p_HAL_Driver.o
                0x0000024e                __vector_15
 .text.__vector_1
                0x000002be       0x80 ATmega328p_HAL_Driver.o
                0x000002be                __vector_1
 .text.__vector_2
                0x0000033e       0x14 ATmega328p_HAL_Driver.o
                0x0000033e                __vector_2
 .text.__vector_18
                0x00000352       0x80 ATmega328p_HAL_Driver.o
                0x00000352                __vector_18
 .text.__vector_20
                0x000003d2       0x96 ATmega328p_HAL_Driver.o
                0x000003d2                __vector_20
 .text.HAL_GlobalInterrupt
                0x00000468       0x10 ATmega328p_HAL_Driver/src/mega328p_hal_cpu.o
                0x00000468                HAL_GlobalInterrupt
 .text.HAL_GDIO_PORT_Init
                0x00000478       0x16 ATmega328p_HAL_Driver/src/mega328p_hal_gdio.o
                0x00000478                HAL_GDIO_PORT_Init
 .text.HAL_GDIO_PORT_Write
                0x0000048e       0x2c ATmega328p_HAL_Driver/src/mega328p_hal_gdio.o
                0x0000048e                HAL_GDIO_PORT_Write
 .text.HAL_TIM0_Init
                0x000004ba       0x48 ATmega328p_HAL_Driver/src/mega328p_hal_timer.o
                0x000004ba                HAL_TIM0_Init
 .text.HAL_TIM1_Init
                0x00000502       0x66 ATmega328p_HAL_Driver/src/mega328p_hal_timer.o
                0x00000502                HAL_TIM1_Init
 .text.HAL_USART_Transmit
                0x00000568        0xe ATmega328p_HAL_Driver/src/mega328p_hal_usart.o
                0x00000568                HAL_USART_Transmit
 .text.HAL_USART_Flush
                0x00000576       0x10 ATmega328p_HAL_Driver/src/mega328p_hal_usart.o
                0x00000576                HAL_USART_Flush
                0x00000586                . = ALIGN (0x2)
 *(.fini9)
 .fini9         0x00000586        0x0 c:/program files (x86)/atmel/atmel toolchain/avr8 gcc/native/3.4.1061/avr8-gnu-toolchain/bin/../lib/gcc/avr/4.8.1/avr5\libgcc.a(_exit.o)
                0x00000586                _exit
                0x00000586                exit
 *(.fini9)
 *(.fini8)
 *(.fini8)
 *(.fini7)
 *(.fini7)
 *(.fini6)
 *(.fini6)
 *(.fini5)
 *(.fini5)
 *(.fini4)
 *(.fini4)
 *(.fini3)
 *(.fini3)
 *(.fini2)
 *(.fini2)
 *(.fini1)
 *(.fini1)
 *(.fini0)
 .fini0         0x00000586        0x4 c:/program files (x86)/atmel/atmel toolchain/avr8 gcc/native/3.4.1061/avr8-gnu-toolchain/bin/../lib/gcc/avr/4.8.1/avr5\libgcc.a(_exit.o)
 *(.fini0)
                0x0000058a                _etext = .

.data           0x00800100        0x0 load address 0x0000058a
                0x00800100                PROVIDE (__data_start, .)
 *(.data)
 *(.data*)
 *(.rodata)
 *(.rodata*)
 *(.gnu.linkonce.d*)
                0x00800100                . = ALIGN (0x2)
                0x00800100                _edata = .
                0x00800100                PROVIDE (__data_end, .)

.bss            0x00800100        0x2
                0x00800100                PROVIDE (__bss_start, .)
 *(.bss)
 *(.bss*)
 .bss.cnt       0x00800100        0x2 ATmega328p_HAL_Driver.o
                0x00800100                cnt
 *(COMMON)
                0x00800102                PROVIDE (__bss_end, .)
                0x0000058a                __data_load_start = LOADADDR (.data)
                0x0000058a                __data_load_end = (__data_load_start + SIZEOF (.data))

.noinit         0x00800102        0x0
                0x00800102                PROVIDE (__noinit_start, .)
 *(.noinit*)
                0x00800102                PROVIDE (__noinit_end, .)
                0x00800102                _end = .
                0x00800102                PROVIDE (__heap_start, .)

.eeprom         0x00810000        0x0
 *(.eeprom*)
                0x00810000                __eeprom_end = .

.fuse
 *(.fuse)
 *(.lfuse)
 *(.hfuse)
 *(.efuse)

.lock
 *(.lock*)

.signature
 *(.signature*)

.user_signatures
 *(.user_signatures*)

.stab
 *(.stab)

.stabstr
 *(.stabstr)

.stab.excl
 *(.stab.excl)

.stab.exclstr
 *(.stab.exclstr)

.stab.index
 *(.stab.index)

.stab.indexstr
 *(.stab.indexstr)

.comment        0x00000000       0x30
 *(.comment)
 .comment       0x00000000       0x30 ATmega328p_HAL_Driver.o
                                 0x31 (size before relaxing)
 .comment       0x00000000       0x31 ATmega328p_HAL_Driver/src/mega328p_hal_cpu.o
 .comment       0x00000000       0x31 ATmega328p_HAL_Driver/src/mega328p_hal_gdio.o
 .comment       0x00000000       0x31 ATmega328p_HAL_Driver/src/mega328p_hal_timer.o
 .comment       0x00000000       0x31 ATmega328p_HAL_Driver/src/mega328p_hal_usart.o

.note.gnu.build-id
 *(.note.gnu.build-id)

.debug
 *(.debug)

.line
 *(.line)

.debug_srcinfo
 *(.debug_srcinfo)

.debug_sfnames
 *(.debug_sfnames)

.debug_aranges  0x00000000      0x150
 *(.debug_aranges)
 .debug_aranges
                0x00000000       0x68 ATmega328p_HAL_Driver.o
 .debug_aranges
                0x00000068       0x38 ATmega328p_HAL_Driver/src/mega328p_hal_cpu.o
 .debug_aranges
                0x000000a0       0x30 ATmega328p_HAL_Driver/src/mega328p_hal_gdio.o
 .debug_aranges
                0x000000d0       0x28 ATmega328p_HAL_Driver/src/mega328p_hal_timer.o
 .debug_aranges
                0x000000f8       0x58 ATmega328p_HAL_Driver/src/mega328p_hal_usart.o

.debug_pubnames
 *(.debug_pubnames)

.debug_info     0x00000000     0x1174
 *(.debug_info .gnu.linkonce.wi.*)
 .debug_info    0x00000000      0x823 ATmega328p_HAL_Driver.o
 .debug_info    0x00000823       0xfa ATmega328p_HAL_Driver/src/mega328p_hal_cpu.o
 .debug_info    0x0000091d      0x11d ATmega328p_HAL_Driver/src/mega328p_hal_gdio.o
 .debug_info    0x00000a3a      0x576 ATmega328p_HAL_Driver/src/mega328p_hal_timer.o
 .debug_info    0x00000fb0      0x1c4 ATmega328p_HAL_Driver/src/mega328p_hal_usart.o

.debug_abbrev   0x00000000      0x463
 *(.debug_abbrev)
 .debug_abbrev  0x00000000      0x189 ATmega328p_HAL_Driver.o
 .debug_abbrev  0x00000189       0x9f ATmega328p_HAL_Driver/src/mega328p_hal_cpu.o
 .debug_abbrev  0x00000228       0x8b ATmega328p_HAL_Driver/src/mega328p_hal_gdio.o
 .debug_abbrev  0x000002b3       0xe2 ATmega328p_HAL_Driver/src/mega328p_hal_timer.o
 .debug_abbrev  0x00000395       0xce ATmega328p_HAL_Driver/src/mega328p_hal_usart.o

.debug_line     0x00000000      0x75e
 *(.debug_line .debug_line.* .debug_line_end)
 .debug_line    0x00000000      0x2db ATmega328p_HAL_Driver.o
 .debug_line    0x000002db      0x117 ATmega328p_HAL_Driver/src/mega328p_hal_cpu.o
 .debug_line    0x000003f2       0xf2 ATmega328p_HAL_Driver/src/mega328p_hal_gdio.o
 .debug_line    0x000004e4      0x107 ATmega328p_HAL_Driver/src/mega328p_hal_timer.o
 .debug_line    0x000005eb      0x173 ATmega328p_HAL_Driver/src/mega328p_hal_usart.o

.debug_frame    0x00000000      0x430
 *(.debug_frame)
 .debug_frame   0x00000000      0x2c0 ATmega328p_HAL_Driver.o
 .debug_frame   0x000002c0       0x54 ATmega328p_HAL_Driver/src/mega328p_hal_cpu.o
 .debug_frame   0x00000314       0x44 ATmega328p_HAL_Driver/src/mega328p_hal_gdio.o
 .debug_frame   0x00000358       0x44 ATmega328p_HAL_Driver/src/mega328p_hal_timer.o
 .debug_frame   0x0000039c       0x94 ATmega328p_HAL_Driver/src/mega328p_hal_usart.o

.debug_str      0x00000000      0x63a
 *(.debug_str)
 .debug_str     0x00000000      0x279 ATmega328p_HAL_Driver.o
                                0x2ad (size before relaxing)
 .debug_str     0x00000279       0x7d ATmega328p_HAL_Driver/src/mega328p_hal_cpu.o
                                0x1e7 (size before relaxing)
 .debug_str     0x000002f6       0x7d ATmega328p_HAL_Driver/src/mega328p_hal_gdio.o
                                0x1fa (size before relaxing)
 .debug_str     0x00000373      0x204 ATmega328p_HAL_Driver/src/mega328p_hal_timer.o
                                0x37f (size before relaxing)
 .debug_str     0x00000577       0xc3 ATmega328p_HAL_Driver/src/mega328p_hal_usart.o
                                0x23c (size before relaxing)

.debug_loc      0x00000000      0x96d
 *(.debug_loc)
 .debug_loc     0x00000000      0x5de ATmega328p_HAL_Driver.o
 .debug_loc     0x000005de       0x4d ATmega328p_HAL_Driver/src/mega328p_hal_cpu.o
 .debug_loc     0x0000062b       0x63 ATmega328p_HAL_Driver/src/mega328p_hal_gdio.o
 .debug_loc     0x0000068e      0x25e ATmega328p_HAL_Driver/src/mega328p_hal_timer.o
 .debug_loc     0x000008ec       0x81 ATmega328p_HAL_Driver/src/mega328p_hal_usart.o

.debug_macinfo
 *(.debug_macinfo)

.debug_weaknames
 *(.debug_weaknames)

.debug_funcnames
 *(.debug_funcnames)

.debug_typenames
 *(.debug_typenames)

.debug_varnames
 *(.debug_varnames)

.debug_pubtypes
 *(.debug_pubtypes)

.debug_ranges   0x00000000      0x100
 *(.debug_ranges)
 .debug_ranges  0x00000000       0x58 ATmega328p_HAL_Driver.o
 .debug_ranges  0x00000058       0x28 ATmega328p_HAL_Driver/src/mega328p_hal_cpu.o
 .debug_ranges  0x00000080       0x20 ATmega328p_HAL_Driver/src/mega328p_hal_gdio.o
 .debug_ranges  0x000000a0       0x18 ATmega328p_HAL_Driver/src/mega328p_hal_timer.o
 .debug_ranges  0x000000b8       0x48 ATmega328p_HAL_Driver/src/mega328p_hal_usart.o

.debug_macro
 *(.debug_macro)
OUTPUT(ATmega328p_HAL_Driver.elf elf32-avr)
LOAD linker stubs
