Archive member included because of file (symbol)

c:/program files/atmel/atmel toolchain/avr8 gcc/native/3.4.1056/avr8-gnu-toolchain/bin/../lib/gcc/avr/4.8.1/../../../../avr/lib/avr5\libm.a(addsf3.o)
                              src/arduino/cores/arduino/Print.o (__subsf3)
c:/program files/atmel/atmel toolchain/avr8 gcc/native/3.4.1056/avr8-gnu-toolchain/bin/../lib/gcc/avr/4.8.1/../../../../avr/lib/avr5\libm.a(addsf3x.o)
                              c:/program files/atmel/atmel toolchain/avr8 gcc/native/3.4.1056/avr8-gnu-toolchain/bin/../lib/gcc/avr/4.8.1/../../../../avr/lib/avr5\libm.a(addsf3.o) (__addsf3x)
c:/program files/atmel/atmel toolchain/avr8 gcc/native/3.4.1056/avr8-gnu-toolchain/bin/../lib/gcc/avr/4.8.1/../../../../avr/lib/avr5\libm.a(cmpsf2.o)
                              src/arduino/cores/arduino/Print.o (__ltsf2)
c:/program files/atmel/atmel toolchain/avr8 gcc/native/3.4.1056/avr8-gnu-toolchain/bin/../lib/gcc/avr/4.8.1/../../../../avr/lib/avr5\libm.a(divsf3.o)
                              src/arduino/cores/arduino/Print.o (__divsf3)
c:/program files/atmel/atmel toolchain/avr8 gcc/native/3.4.1056/avr8-gnu-toolchain/bin/../lib/gcc/avr/4.8.1/../../../../avr/lib/avr5\libm.a(divsf3x.o)
                              c:/program files/atmel/atmel toolchain/avr8 gcc/native/3.4.1056/avr8-gnu-toolchain/bin/../lib/gcc/avr/4.8.1/../../../../avr/lib/avr5\libm.a(divsf3.o) (__divsf3x)
c:/program files/atmel/atmel toolchain/avr8 gcc/native/3.4.1056/avr8-gnu-toolchain/bin/../lib/gcc/avr/4.8.1/../../../../avr/lib/avr5\libm.a(fixsfsi.o)
                              src/arduino/cores/arduino/Print.o (__fixsfsi)
c:/program files/atmel/atmel toolchain/avr8 gcc/native/3.4.1056/avr8-gnu-toolchain/bin/../lib/gcc/avr/4.8.1/../../../../avr/lib/avr5\libm.a(fixunssfsi.o)
                              src/arduino/cores/arduino/Print.o (__fixunssfsi)
c:/program files/atmel/atmel toolchain/avr8 gcc/native/3.4.1056/avr8-gnu-toolchain/bin/../lib/gcc/avr/4.8.1/../../../../avr/lib/avr5\libm.a(floatsisf.o)
                              src/arduino/cores/arduino/Print.o (__floatunsisf)
c:/program files/atmel/atmel toolchain/avr8 gcc/native/3.4.1056/avr8-gnu-toolchain/bin/../lib/gcc/avr/4.8.1/../../../../avr/lib/avr5\libm.a(fp_cmp.o)
                              c:/program files/atmel/atmel toolchain/avr8 gcc/native/3.4.1056/avr8-gnu-toolchain/bin/../lib/gcc/avr/4.8.1/../../../../avr/lib/avr5\libm.a(cmpsf2.o) (__fp_cmp)
c:/program files/atmel/atmel toolchain/avr8 gcc/native/3.4.1056/avr8-gnu-toolchain/bin/../lib/gcc/avr/4.8.1/../../../../avr/lib/avr5\libm.a(fp_inf.o)
                              c:/program files/atmel/atmel toolchain/avr8 gcc/native/3.4.1056/avr8-gnu-toolchain/bin/../lib/gcc/avr/4.8.1/../../../../avr/lib/avr5\libm.a(addsf3x.o) (__fp_inf)
c:/program files/atmel/atmel toolchain/avr8 gcc/native/3.4.1056/avr8-gnu-toolchain/bin/../lib/gcc/avr/4.8.1/../../../../avr/lib/avr5\libm.a(fp_nan.o)
                              c:/program files/atmel/atmel toolchain/avr8 gcc/native/3.4.1056/avr8-gnu-toolchain/bin/../lib/gcc/avr/4.8.1/../../../../avr/lib/avr5\libm.a(addsf3x.o) (__fp_nan)
c:/program files/atmel/atmel toolchain/avr8 gcc/native/3.4.1056/avr8-gnu-toolchain/bin/../lib/gcc/avr/4.8.1/../../../../avr/lib/avr5\libm.a(fp_pscA.o)
                              c:/program files/atmel/atmel toolchain/avr8 gcc/native/3.4.1056/avr8-gnu-toolchain/bin/../lib/gcc/avr/4.8.1/../../../../avr/lib/avr5\libm.a(addsf3x.o) (__fp_pscA)
c:/program files/atmel/atmel toolchain/avr8 gcc/native/3.4.1056/avr8-gnu-toolchain/bin/../lib/gcc/avr/4.8.1/../../../../avr/lib/avr5\libm.a(fp_pscB.o)
                              c:/program files/atmel/atmel toolchain/avr8 gcc/native/3.4.1056/avr8-gnu-toolchain/bin/../lib/gcc/avr/4.8.1/../../../../avr/lib/avr5\libm.a(addsf3x.o) (__fp_pscB)
c:/program files/atmel/atmel toolchain/avr8 gcc/native/3.4.1056/avr8-gnu-toolchain/bin/../lib/gcc/avr/4.8.1/../../../../avr/lib/avr5\libm.a(fp_round.o)
                              c:/program files/atmel/atmel toolchain/avr8 gcc/native/3.4.1056/avr8-gnu-toolchain/bin/../lib/gcc/avr/4.8.1/../../../../avr/lib/avr5\libm.a(addsf3.o) (__fp_round)
c:/program files/atmel/atmel toolchain/avr8 gcc/native/3.4.1056/avr8-gnu-toolchain/bin/../lib/gcc/avr/4.8.1/../../../../avr/lib/avr5\libm.a(fp_split3.o)
                              c:/program files/atmel/atmel toolchain/avr8 gcc/native/3.4.1056/avr8-gnu-toolchain/bin/../lib/gcc/avr/4.8.1/../../../../avr/lib/avr5\libm.a(addsf3x.o) (__fp_split3)
c:/program files/atmel/atmel toolchain/avr8 gcc/native/3.4.1056/avr8-gnu-toolchain/bin/../lib/gcc/avr/4.8.1/../../../../avr/lib/avr5\libm.a(fp_zero.o)
                              c:/program files/atmel/atmel toolchain/avr8 gcc/native/3.4.1056/avr8-gnu-toolchain/bin/../lib/gcc/avr/4.8.1/../../../../avr/lib/avr5\libm.a(addsf3x.o) (__fp_zero)
[...]
Memory Configuration

Name             Origin             Length             Attributes
text             0x00000000         0x00020000         xr
data             0x00800060         0x0000ffa0         rw !x
eeprom           0x00810000         0x00010000         rw !x
fuse             0x00820000         0x00000400         rw !x
lock             0x00830000         0x00000400         rw !x
signature        0x00840000         0x00000400         rw !x
user_signatures  0x00850000         0x00000400         rw !x
*default*        0x00000000         0xffffffff

Linker script and memory map

Address of section .data set to 0x800100
LOAD c:/program files/atmel/atmel toolchain/avr8 gcc/native/3.4.1056/avr8-gnu-toolchain/bin/../lib/gcc/avr/4.8.1/../../../../avr/lib/avr5/crtm328p.o
LOAD src/arduino/cores/arduino/avr-libc/malloc.o
LOAD src/arduino/cores/arduino/avr-libc/realloc.o
LOAD src/arduino/cores/arduino/CDC.o
LOAD src/arduino/cores/arduino/HardwareSerial.o
LOAD src/arduino/cores/arduino/HID.o
LOAD src/arduino/cores/arduino/IPAddress.o
LOAD src/arduino/cores/arduino/main.o
LOAD src/arduino/cores/arduino/new.o
LOAD src/arduino/cores/arduino/Print.o
LOAD src/arduino/cores/arduino/Stream.o
LOAD src/arduino/cores/arduino/Tone.o
LOAD src/arduino/cores/arduino/USBCore.o
LOAD src/arduino/cores/arduino/WInterrupts.o
LOAD src/arduino/cores/arduino/wiring.o
LOAD src/arduino/cores/arduino/wiring_analog.o
LOAD src/arduino/cores/arduino/wiring_digital.o
LOAD src/arduino/cores/arduino/wiring_pulse.o
LOAD src/arduino/cores/arduino/wiring_shift.o
LOAD src/arduino/cores/arduino/WMath.o
LOAD src/arduino/cores/arduino/WString.o
LOAD src/ProjectFiles/ProjectMain.o
START GROUP
LOAD c:/program files/atmel/atmel toolchain/avr8 gcc/native/3.4.1056/avr8-gnu-toolchain/bin/../lib/gcc/avr/4.8.1/../../../../avr/lib/avr5\libm.a
END GROUP
LOAD c:/program files/atmel/atmel toolchain/avr8 gcc/native/3.4.1056/avr8-gnu-toolchain/bin/../lib/gcc/avr/4.8.1/avr5\libgcc.a
LOAD c:/program files/atmel/atmel toolchain/avr8 gcc/native/3.4.1056/avr8-gnu-toolchain/bin/../lib/gcc/avr/4.8.1/../../../../avr/lib/avr5\libm.a
START GROUP
LOAD c:/program files/atmel/atmel toolchain/avr8 gcc/native/3.4.1056/avr8-gnu-toolchain/bin/../lib/gcc/avr/4.8.1/avr5\libgcc.a
LOAD c:/program files/atmel/atmel toolchain/avr8 gcc/native/3.4.1056/avr8-gnu-toolchain/bin/../lib/gcc/avr/4.8.1/../../../../avr/lib/avr5\libm.a
LOAD c:/program files/atmel/atmel toolchain/avr8 gcc/native/3.4.1056/avr8-gnu-toolchain/bin/../lib/gcc/avr/4.8.1/../../../../avr/lib/avr5\libc.a
END GROUP

.hash
 *(.hash)

.dynsym
 *(.dynsym)

.dynstr
 *(.dynstr)

.gnu.version
 *(.gnu.version)

.gnu.version_d
 *(.gnu.version_d)

.gnu.version_r
 *(.gnu.version_r)

.rel.init
 *(.rel.init)

.rela.init
 *(.rela.init)

.rel.text
 *(.rel.text)
 *(.rel.text.*)
 *(.rel.gnu.linkonce.t*)

.rela.text
 *(.rela.text)
 *(.rela.text.*)
 *(.rela.gnu.linkonce.t*)

.rel.fini
 *(.rel.fini)

.rela.fini
 *(.rela.fini)

.rel.rodata
 *(.rel.rodata)
 *(.rel.rodata.*)
 *(.rel.gnu.linkonce.r*)

.rela.rodata
 *(.rela.rodata)
 *(.rela.rodata.*)
 *(.rela.gnu.linkonce.r*)

.rel.data
 *(.rel.data)
 *(.rel.data.*)
 *(.rel.gnu.linkonce.d*)

.rela.data
 *(.rela.data)
 *(.rela.data.*)
 *(.rela.gnu.linkonce.d*)

.rel.ctors
 *(.rel.ctors)

.rela.ctors
 *(.rela.ctors)

.rel.dtors
 *(.rel.dtors)

.rela.dtors
 *(.rela.dtors)

.rel.got
 *(.rel.got)

.rela.got
 *(.rela.got)

.rel.bss
 *(.rel.bss)

.rela.bss
 *(.rela.bss)

.rel.plt
 *(.rel.plt)

.rela.plt
 *(.rela.plt)

.text           0x00000000      0xdb4
 *(.vectors)
 .vectors       0x00000000       0x68 c:/program files/atmel/atmel toolchain/avr8 gcc/native/3.4.1056/avr8-gnu-toolchain/bin/../lib/gcc/avr/4.8.1/../../../../avr/lib/avr5/crtm328p.o
                0x00000000                __vector_default
                0x00000000                __vectors
 *(.vectors)
 *(.progmem.gcc*)
                0x00000068                . = ALIGN (0x2)
                0x00000068                __trampolines_start = .
 *(.trampolines)
 .trampolines   0x00000068        0x0 linker stubs
 *(.trampolines*)
                0x00000068                __trampolines_end = .
 *(.progmem*)
 .progmem.data._ZL21tone_pin_to_timer_PGM
                0x00000068        0x1 src/arduino/cores/arduino/Tone.o
 .progmem.data.digital_pin_to_timer_PGM
                0x00000069       0x14 src/arduino/cores/arduino/wiring_digital.o
                0x00000069                digital_pin_to_timer_PGM
 .progmem.data.digital_pin_to_bit_mask_PGM
                0x0000007d       0x14 src/arduino/cores/arduino/wiring_digital.o
                0x0000007d                digital_pin_to_bit_mask_PGM
 .progmem.data.digital_pin_to_port_PGM
                0x00000091       0x14 src/arduino/cores/arduino/wiring_digital.o
                0x00000091                digital_pin_to_port_PGM
 .progmem.data.port_to_output_PGM
                0x000000a5        0xa src/arduino/cores/arduino/wiring_digital.o
                0x000000a5                port_to_output_PGM
 .progmem.data.port_to_mode_PGM
                0x000000af        0xa src/arduino/cores/arduino/wiring_digital.o
                0x000000af                port_to_mode_PGM
                0x000000ba                . = ALIGN (0x2)
 *fill*         0x000000b9        0x1 
 *(.jumptables)
 *(.jumptables*)
 *(.lowtext)
 *(.lowtext*)
                0x000000ba                __ctors_start = .
 *(.ctors)
 .ctors         0x000000ba        0x2 src/arduino/cores/arduino/HardwareSerial.o
 .ctors         0x000000bc        0x2 src/arduino/cores/arduino/IPAddress.o
                0x000000be                __ctors_end = .
                0x000000be                __dtors_start = .
 *(.dtors)
                0x000000be                __dtors_end = .
 SORT(*)(.ctors)
 SORT(*)(.dtors)
 *(.init0)
 .init0         0x000000be        0x0 c:/program files/atmel/atmel toolchain/avr8 gcc/native/3.4.1056/avr8-gnu-toolchain/bin/../lib/gcc/avr/4.8.1/../../../../avr/lib/avr5/crtm328p.o
                0x000000be                __init
 *(.init0)
 *(.init1)
 *(.init1)
 *(.init2)
 .init2         0x000000be        0xc c:/program files/atmel/atmel toolchain/avr8 gcc/native/3.4.1056/avr8-gnu-toolchain/bin/../lib/gcc/avr/4.8.1/../../../../avr/lib/avr5/crtm328p.o
 *(.init2)
 *(.init3)
 *(.init3)
 *(.init4)
 .init4         0x000000ca       0x16 c:/program files/atmel/atmel toolchain/avr8 gcc/native/3.4.1056/avr8-gnu-toolchain/bin/../lib/gcc/avr/4.8.1/avr5\libgcc.a(_copy_data.o)
                0x000000ca                __do_copy_data
 .init4         0x000000e0       0x10 c:/program files/atmel/atmel toolchain/avr8 gcc/native/3.4.1056/avr8-gnu-toolchain/bin/../lib/gcc/avr/4.8.1/avr5\libgcc.a(_clear_bss.o)
                0x000000e0                __do_clear_bss
 *(.init4)
 *(.init5)
 *(.init5)
 *(.init6)
 .init6         0x000000f0       0x16 c:/program files/atmel/atmel toolchain/avr8 gcc/native/3.4.1056/avr8-gnu-toolchain/bin/../lib/gcc/avr/4.8.1/avr5\libgcc.a(_ctors.o)
                0x000000f0                __do_global_ctors
 *(.init6)
 *(.init7)
 *(.init7)
 *(.init8)
 *(.init8)
 *(.init9)
 .init9         0x00000106        0x8 c:/program files/atmel/atmel toolchain/avr8 gcc/native/3.4.1056/avr8-gnu-toolchain/bin/../lib/gcc/avr/4.8.1/../../../../avr/lib/avr5/crtm328p.o
 *(.init9)
 *(.text)
 .text          0x0000010e        0x4 c:/program files/atmel/atmel toolchain/avr8 gcc/native/3.4.1056/avr8-gnu-toolchain/bin/../lib/gcc/avr/4.8.1/../../../../avr/lib/avr5/crtm328p.o
                0x0000010e                __vector_22
                0x0000010e                __vector_24
                0x0000010e                __vector_12
                0x0000010e                __bad_interrupt
                0x0000010e                __vector_6
                0x0000010e                __vector_3
                0x0000010e                __vector_23
                0x0000010e                __vector_25
                0x0000010e                __vector_11
                0x0000010e                __vector_13
                0x0000010e                __vector_17
                0x0000010e                __vector_5
                0x0000010e                __vector_4
                0x0000010e                __vector_9
                0x0000010e                __vector_21
                0x0000010e                __vector_15
                0x0000010e                __vector_8
                0x0000010e                __vector_14
                0x0000010e                __vector_10
                0x0000010e                __vector_20
                0x00000112                . = ALIGN (0x2)
 *(.text.*)
 .text._ZN14HardwareSerial9availableEv
                0x00000112       0x30 src/arduino/cores/arduino/HardwareSerial.o
                0x00000112                _ZN14HardwareSerial9availableEv
 .text._ZN14HardwareSerial4peekEv
                0x00000142       0x32 src/arduino/cores/arduino/HardwareSerial.o
                0x00000142                _ZN14HardwareSerial4peekEv
 .text._ZN14HardwareSerial4readEv
                0x00000174       0x42 src/arduino/cores/arduino/HardwareSerial.o
                0x00000174                _ZN14HardwareSerial4readEv
 .text._ZN14HardwareSerial5flushEv
                0x000001b6       0x16 src/arduino/cores/arduino/HardwareSerial.o
                0x000001b6                _ZN14HardwareSerial5flushEv
 .text._ZN14HardwareSerial5writeEh
                0x000001cc       0x8a src/arduino/cores/arduino/HardwareSerial.o
                0x000001cc                _ZN14HardwareSerial5writeEh
 .text._Z11serialEventv
                0x00000256        0x2 src/arduino/cores/arduino/HardwareSerial.o
                0x00000256                _Z11serialEventv
 .text.__vector_18
                0x00000258       0x78 src/arduino/cores/arduino/HardwareSerial.o
                0x00000258                __vector_18
 .text._Z14serialEventRunv
                0x000002d0       0x12 src/arduino/cores/arduino/HardwareSerial.o
                0x000002d0                _Z14serialEventRunv
 .text.__vector_19
                0x000002e2       0x76 src/arduino/cores/arduino/HardwareSerial.o
                0x000002e2                __vector_19
 .text._ZN14HardwareSerialC2EP11ring_bufferS1_PVhS3_S3_S3_S3_S3_hhhhh
                0x00000358       0x88 src/arduino/cores/arduino/HardwareSerial.o
                0x00000358                _ZN14HardwareSerialC2EP11ring_bufferS1_PVhS3_S3_S3_S3_S3_hhhhh
                0x00000358                _ZN14HardwareSerialC1EP11ring_bufferS1_PVhS3_S3_S3_S3_S3_hhhhh
 .text._ZN14HardwareSerial5beginEm
                0x000003e0      0x10a src/arduino/cores/arduino/HardwareSerial.o
                0x000003e0                _ZN14HardwareSerial5beginEm
 .text._GLOBAL__sub_I_rx_buffer
                0x000004ea       0x88 src/arduino/cores/arduino/HardwareSerial.o
 .text._ZNK9IPAddress7printToER5Print
                0x00000572       0x74 src/arduino/cores/arduino/IPAddress.o
                0x00000572                _ZNK9IPAddress7printToER5Print
 .text._ZN9IPAddressC2Ehhhh
                0x000005e6       0x18 src/arduino/cores/arduino/IPAddress.o
                0x000005e6                _ZN9IPAddressC2Ehhhh
                0x000005e6                _ZN9IPAddressC1Ehhhh
 .text._GLOBAL__sub_I__ZN9IPAddressC2Ev
                0x000005fe       0x16 src/arduino/cores/arduino/IPAddress.o
 .text.initVariant
                0x00000614        0x2 src/arduino/cores/arduino/main.o
                0x00000614                initVariant
 .text.main     0x00000616       0x28 src/arduino/cores/arduino/main.o
                0x00000616                main
 .text._ZN5Print5writeEPKhj
                0x0000063e       0x5c src/arduino/cores/arduino/Print.o
                0x0000063e                _ZN5Print5writeEPKhj
 .text._ZN5Print5printEPKc
                0x0000069a       0x2c src/arduino/cores/arduino/Print.o
                0x0000069a                _ZN5Print5printEPKc
 .text._ZN5Print5printEc
                0x000006c6       0x10 src/arduino/cores/arduino/Print.o
                0x000006c6                _ZN5Print5printEc
 .text._ZN5Print7printlnEv
                0x000006d6       0x28 src/arduino/cores/arduino/Print.o
                0x000006d6                _ZN5Print7printlnEv
 .text._ZN5Print7printlnEPKc
                0x000006fe       0x24 src/arduino/cores/arduino/Print.o
                0x000006fe                _ZN5Print7printlnEPKc
 .text._ZN5Print11printNumberEmh
                0x00000722       0xf6 src/arduino/cores/arduino/Print.o
                0x00000722                _ZN5Print11printNumberEmh
 .text._ZN5Print5printEmi
                0x00000818       0x1e src/arduino/cores/arduino/Print.o
                0x00000818                _ZN5Print5printEmi
 .text._ZN5Print5printEhi
                0x00000836       0x10 src/arduino/cores/arduino/Print.o
                0x00000836                _ZN5Print5printEhi
 .text._Z12disableTimerh
                0x00000846       0x40 src/arduino/cores/arduino/Tone.o
                0x00000846                _Z12disableTimerh
 .text._Z6noToneh
                0x00000886       0x2c src/arduino/cores/arduino/Tone.o
                0x00000886                _Z6noToneh
 .text.__vector_7
                0x000008b2       0xb8 src/arduino/cores/arduino/Tone.o
                0x000008b2                __vector_7
 .text.__vector_1
                0x0000096a       0x5a src/arduino/cores/arduino/WInterrupts.o
                0x0000096a                __vector_1
 .text.__vector_2
                0x000009c4       0x5a src/arduino/cores/arduino/WInterrupts.o
                0x000009c4                __vector_2
 .text.__vector_16
                0x00000a1e       0x94 src/arduino/cores/arduino/wiring.o
                0x00000a1e                __vector_16
 .text.micros   0x00000ab2       0x4c src/arduino/cores/arduino/wiring.o
                0x00000ab2                micros
 .text.delay    0x00000afe       0x54 src/arduino/cores/arduino/wiring.o
                0x00000afe                delay
 .text.init     0x00000b52       0x76 src/arduino/cores/arduino/wiring.o
                0x00000b52                init
 .text.turnOffPWM
                0x00000bc8       0x5e src/arduino/cores/arduino/wiring_digital.o
 .text.pinMode  0x00000c26       0x7c src/arduino/cores/arduino/wiring_digital.o
                0x00000c26                pinMode
 .text.digitalWrite
                0x00000ca2       0x62 src/arduino/cores/arduino/wiring_digital.o
                0x00000ca2                digitalWrite
 .text.setup    0x00000d04       0x26 src/ProjectFiles/ProjectMain.o
                0x00000d04                setup
 .text.loop     0x00000d2a       0x36 src/ProjectFiles/ProjectMain.o
                0x00000d2a                loop
 .text.libgcc.div
                0x00000d60       0x44 c:/program files/atmel/atmel toolchain/avr8 gcc/native/3.4.1056/avr8-gnu-toolchain/bin/../lib/gcc/avr/4.8.1/avr5\libgcc.a(_udivmodsi4.o)
                0x00000d60                __udivmodsi4
 .text.libgcc   0x00000da4        0xc c:/program files/atmel/atmel toolchain/avr8 gcc/native/3.4.1056/avr8-gnu-toolchain/bin/../lib/gcc/avr/4.8.1/avr5\libgcc.a(_tablejump.o)
                0x00000da4                __tablejump2__
                0x00000da8                __tablejump__
                0x00000db0                . = ALIGN (0x2)
 *(.fini9)
 .fini9         0x00000db0        0x0 c:/program files/atmel/atmel toolchain/avr8 gcc/native/3.4.1056/avr8-gnu-toolchain/bin/../lib/gcc/avr/4.8.1/avr5\libgcc.a(_exit.o)
                0x00000db0                _exit
                0x00000db0                exit
 *(.fini9)
 *(.fini8)
 *(.fini8)
 *(.fini7)
 *(.fini7)
 *(.fini6)
 *(.fini6)
 *(.fini5)
 *(.fini5)
 *(.fini4)
 *(.fini4)
 *(.fini3)
 *(.fini3)
 *(.fini2)
 *(.fini2)
 *(.fini1)
 *(.fini1)
 *(.fini0)
 .fini0         0x00000db0        0x4 c:/program files/atmel/atmel toolchain/avr8 gcc/native/3.4.1056/avr8-gnu-toolchain/bin/../lib/gcc/avr/4.8.1/avr5\libgcc.a(_exit.o)
 *(.fini0)
                0x00000db4                _etext = .

.data           0x00800100       0x34 load address 0x00000db4
                0x00800100                PROVIDE (__data_start, .)
 *(.data)
 .data          0x00800100        0x0 c:/program files/atmel/atmel toolchain/avr8 gcc/native/3.4.1056/avr8-gnu-toolchain/bin/../lib/gcc/avr/4.8.1/../../../../avr/lib/avr5/crtm328p.o
 .data          0x00800100        0x0 src/arduino/cores/arduino/avr-libc/malloc.o
 .data          0x00800100        0x0 src/arduino/cores/arduino/avr-libc/realloc.o
 .data          0x00800100        0x0 src/arduino/cores/arduino/CDC.o
 .data          0x00800100        0x0 src/arduino/cores/arduino/HardwareSerial.o
 .data          0x00800100        0x0 src/arduino/cores/arduino/HID.o
 .data          0x00800100        0x0 src/arduino/cores/arduino/IPAddress.o
 .data          0x00800100        0x0 src/arduino/cores/arduino/main.o
 .data          0x00800100        0x0 src/arduino/cores/arduino/new.o
 .data          0x00800100        0x0 src/arduino/cores/arduino/Print.o
 .data          0x00800100        0x0 src/arduino/cores/arduino/Stream.o
 .data          0x00800100        0x0 src/arduino/cores/arduino/Tone.o
 .data          0x00800100        0x0 src/arduino/cores/arduino/USBCore.o
 .data          0x00800100        0x0 src/arduino/cores/arduino/WInterrupts.o
 .data          0x00800100        0x0 src/arduino/cores/arduino/wiring.o
 .data          0x00800100        0x0 src/arduino/cores/arduino/wiring_analog.o
 .data          0x00800100        0x0 src/arduino/cores/arduino/wiring_digital.o
 .data          0x00800100        0x0 src/arduino/cores/arduino/wiring_pulse.o
 .data          0x00800100        0x0 src/arduino/cores/arduino/wiring_shift.o
 .data          0x00800100        0x0 src/arduino/cores/arduino/WMath.o
 .data          0x00800100        0x0 src/arduino/cores/arduino/WString.o
 .data          0x00800100        0x0 src/ProjectFiles/ProjectMain.o
 .data          0x00800100        0x0 c:/program files/atmel/atmel toolchain/avr8 gcc/native/3.4.1056/avr8-gnu-toolchain/bin/../lib/gcc/avr/4.8.1/../../../../avr/lib/avr5\libm.a(addsf3.o)
 .data          0x00800100        0x0 c:/program files/atmel/atmel toolchain/avr8 gcc/native/3.4.1056/avr8-gnu-toolchain/bin/../lib/gcc/avr/4.8.1/../../../../avr/lib/avr5\libm.a(addsf3x.o)
 .data          0x00800100        0x0 c:/program files/atmel/atmel toolchain/avr8 gcc/native/3.4.1056/avr8-gnu-toolchain/bin/../lib/gcc/avr/4.8.1/../../../../avr/lib/avr5\libm.a(cmpsf2.o)
 .data          0x00800100        0x0 c:/program files/atmel/atmel toolchain/avr8 gcc/native/3.4.1056/avr8-gnu-toolchain/bin/../lib/gcc/avr/4.8.1/../../../../avr/lib/avr5\libm.a(divsf3.o)
 .data          0x00800100        0x0 c:/program files/atmel/atmel toolchain/avr8 gcc/native/3.4.1056/avr8-gnu-toolchain/bin/../lib/gcc/avr/4.8.1/../../../../avr/lib/avr5\libm.a(divsf3x.o)
 .data          0x00800100        0x0 c:/program files/atmel/atmel toolchain/avr8 gcc/native/3.4.1056/avr8-gnu-toolchain/bin/../lib/gcc/avr/4.8.1/../../../../avr/lib/avr5\libm.a(fixsfsi.o)
 .data          0x00800100        0x0 c:/program files/atmel/atmel toolchain/avr8 gcc/native/3.4.1056/avr8-gnu-toolchain/bin/../lib/gcc/avr/4.8.1/../../../../avr/lib/avr5\libm.a(fixunssfsi.o)
 .data          0x00800100        0x0 c:/program files/atmel/atmel toolchain/avr8 gcc/native/3.4.1056/avr8-gnu-toolchain/bin/../lib/gcc/avr/4.8.1/../../../../avr/lib/avr5\libm.a(floatsisf.o)
 .data          0x00800100        0x0 c:/program files/atmel/atmel toolchain/avr8 gcc/native/3.4.1056/avr8-gnu-toolchain/bin/../lib/gcc/avr/4.8.1/../../../../avr/lib/avr5\libm.a(fp_cmp.o)
 .data          0x00800100        0x0 c:/program files/atmel/atmel toolchain/avr8 gcc/native/3.4.1056/avr8-gnu-toolchain/bin/../lib/gcc/avr/4.8.1/../../../../avr/lib/avr5\libm.a(fp_inf.o)
 .data          0x00800100        0x0 c:/program files/atmel/atmel toolchain/avr8 gcc/native/3.4.1056/avr8-gnu-toolchain/bin/../lib/gcc/avr/4.8.1/../../../../avr/lib/avr5\libm.a(fp_nan.o)
 .data          0x00800100        0x0 c:/program files/atmel/atmel toolchain/avr8 gcc/native/3.4.1056/avr8-gnu-toolchain/bin/../lib/gcc/avr/4.8.1/../../../../avr/lib/avr5\libm.a(fp_pscA.o)
 .data          0x00800100        0x0 c:/program files/atmel/atmel toolchain/avr8 gcc/native/3.4.1056/avr8-gnu-toolchain/bin/../lib/gcc/avr/4.8.1/../../../../avr/lib/avr5\libm.a(fp_pscB.o)
 .data          0x00800100        0x0 c:/program files/atmel/atmel toolchain/avr8 gcc/native/3.4.1056/avr8-gnu-toolchain/bin/../lib/gcc/avr/4.8.1/../../../../avr/lib/avr5\libm.a(fp_round.o)
 .data          0x00800100        0x0 c:/program files/atmel/atmel toolchain/avr8 gcc/native/3.4.1056/avr8-gnu-toolchain/bin/../lib/gcc/avr/4.8.1/../../../../avr/lib/avr5\libm.a(fp_split3.o)
 .data          0x00800100        0x0 c:/program files/atmel/atmel toolchain/avr8 gcc/native/3.4.1056/avr8-gnu-toolchain/bin/../lib/gcc/avr/4.8.1/../../../../avr/lib/avr5\libm.a(fp_zero.o)
 .data          0x00800100        0x0 c:/program files/atmel/atmel toolchain/avr8 gcc/native/3.4.1056/avr8-gnu-toolchain/bin/../lib/gcc/avr/4.8.1/../../../../avr/lib/avr5\libm.a(gesf2.o)
 .data          0x00800100        0x0 c:/program files/atmel/atmel toolchain/avr8 gcc/native/3.4.1056/avr8-gnu-toolchain/bin/../lib/gcc/avr/4.8.1/../../../../avr/lib/avr5\libm.a(mulsf3.o)
 .data          0x00800100        0x0 c:/program files/atmel/atmel toolchain/avr8 gcc/native/3.4.1056/avr8-gnu-toolchain/bin/../lib/gcc/avr/4.8.1/../../../../avr/lib/avr5\libm.a(mulsf3x.o)
 .data          0x00800100        0x0 c:/program files/atmel/atmel toolchain/avr8 gcc/native/3.4.1056/avr8-gnu-toolchain/bin/../lib/gcc/avr/4.8.1/../../../../avr/lib/avr5\libm.a(unordsf2.o)
 .data          0x00800100        0x0 c:/program files/atmel/atmel toolchain/avr8 gcc/native/3.4.1056/avr8-gnu-toolchain/bin/../lib/gcc/avr/4.8.1/avr5\libgcc.a(_mulsi3.o)
 .data          0x00800100        0x0 c:/program files/atmel/atmel toolchain/avr8 gcc/native/3.4.1056/avr8-gnu-toolchain/bin/../lib/gcc/avr/4.8.1/avr5\libgcc.a(_udivmodsi4.o)
 .data          0x00800100        0x0 c:/program files/atmel/atmel toolchain/avr8 gcc/native/3.4.1056/avr8-gnu-toolchain/bin/../lib/gcc/avr/4.8.1/avr5\libgcc.a(_divmodsi4.o)
 .data          0x00800100        0x0 c:/program files/atmel/atmel toolchain/avr8 gcc/native/3.4.1056/avr8-gnu-toolchain/bin/../lib/gcc/avr/4.8.1/avr5\libgcc.a(_negsi2.o)
 .data          0x00800100        0x0 c:/program files/atmel/atmel toolchain/avr8 gcc/native/3.4.1056/avr8-gnu-toolchain/bin/../lib/gcc/avr/4.8.1/avr5\libgcc.a(_exit.o)
 .data          0x00800100        0x0 c:/program files/atmel/atmel toolchain/avr8 gcc/native/3.4.1056/avr8-gnu-toolchain/bin/../lib/gcc/avr/4.8.1/avr5\libgcc.a(_copy_data.o)
 .data          0x00800100        0x0 c:/program files/atmel/atmel toolchain/avr8 gcc/native/3.4.1056/avr8-gnu-toolchain/bin/../lib/gcc/avr/4.8.1/avr5\libgcc.a(_clear_bss.o)
 .data          0x00800100        0x0 c:/program files/atmel/atmel toolchain/avr8 gcc/native/3.4.1056/avr8-gnu-toolchain/bin/../lib/gcc/avr/4.8.1/avr5\libgcc.a(_ctors.o)
 .data          0x00800100        0x0 c:/program files/atmel/atmel toolchain/avr8 gcc/native/3.4.1056/avr8-gnu-toolchain/bin/../lib/gcc/avr/4.8.1/avr5\libgcc.a(_muluhisi3.o)
 .data          0x00800100        0x0 c:/program files/atmel/atmel toolchain/avr8 gcc/native/3.4.1056/avr8-gnu-toolchain/bin/../lib/gcc/avr/4.8.1/avr5\libgcc.a(_tablejump.o)
 .data          0x00800100        0x0 c:/program files/atmel/atmel toolchain/avr8 gcc/native/3.4.1056/avr8-gnu-toolchain/bin/../lib/gcc/avr/4.8.1/avr5\libgcc.a(_umulhisi3.o)
 .data          0x00800100        0x0 c:/program files/atmel/atmel toolchain/avr8 gcc/native/3.4.1056/avr8-gnu-toolchain/bin/../lib/gcc/avr/4.8.1/../../../../avr/lib/avr5\libc.a(dtostrf.o)
 .data          0x00800100        0x4 c:/program files/atmel/atmel toolchain/avr8 gcc/native/3.4.1056/avr8-gnu-toolchain/bin/../lib/gcc/avr/4.8.1/../../../../avr/lib/avr5\libc.a(random.o)
 .data          0x00800104        0x0 c:/program files/atmel/atmel toolchain/avr8 gcc/native/3.4.1056/avr8-gnu-toolchain/bin/../lib/gcc/avr/4.8.1/../../../../avr/lib/avr5\libc.a(atof.o)
 .data          0x00800104        0x0 c:/program files/atmel/atmel toolchain/avr8 gcc/native/3.4.1056/avr8-gnu-toolchain/bin/../lib/gcc/avr/4.8.1/../../../../avr/lib/avr5\libc.a(atol.o)
 .data          0x00800104        0x0 c:/program files/atmel/atmel toolchain/avr8 gcc/native/3.4.1056/avr8-gnu-toolchain/bin/../lib/gcc/avr/4.8.1/../../../../avr/lib/avr5\libc.a(isspace.o)
 .data          0x00800104        0x0 c:/program files/atmel/atmel toolchain/avr8 gcc/native/3.4.1056/avr8-gnu-toolchain/bin/../lib/gcc/avr/4.8.1/../../../../avr/lib/avr5\libc.a(tolower.o)
 .data          0x00800104        0x0 c:/program files/atmel/atmel toolchain/avr8 gcc/native/3.4.1056/avr8-gnu-toolchain/bin/../lib/gcc/avr/4.8.1/../../../../avr/lib/avr5\libc.a(toupper.o)
 .data          0x00800104        0x0 c:/program files/atmel/atmel toolchain/avr8 gcc/native/3.4.1056/avr8-gnu-toolchain/bin/../lib/gcc/avr/4.8.1/../../../../avr/lib/avr5\libc.a(strcpy_P.o)
 .data          0x00800104        0x0 c:/program files/atmel/atmel toolchain/avr8 gcc/native/3.4.1056/avr8-gnu-toolchain/bin/../lib/gcc/avr/4.8.1/../../../../avr/lib/avr5\libc.a(strlen_P.o)
 .data          0x00800104        0x0 c:/program files/atmel/atmel toolchain/avr8 gcc/native/3.4.1056/avr8-gnu-toolchain/bin/../lib/gcc/avr/4.8.1/../../../../avr/lib/avr5\libc.a(memcmp.o)
 .data          0x00800104        0x0 c:/program files/atmel/atmel toolchain/avr8 gcc/native/3.4.1056/avr8-gnu-toolchain/bin/../lib/gcc/avr/4.8.1/../../../../avr/lib/avr5\libc.a(memcpy.o)
 .data          0x00800104        0x0 c:/program files/atmel/atmel toolchain/avr8 gcc/native/3.4.1056/avr8-gnu-toolchain/bin/../lib/gcc/avr/4.8.1/../../../../avr/lib/avr5\libc.a(memmove.o)
 .data          0x00800104        0x0 c:/program files/atmel/atmel toolchain/avr8 gcc/native/3.4.1056/avr8-gnu-toolchain/bin/../lib/gcc/avr/4.8.1/../../../../avr/lib/avr5\libc.a(strchr.o)
 .data          0x00800104        0x0 c:/program files/atmel/atmel toolchain/avr8 gcc/native/3.4.1056/avr8-gnu-toolchain/bin/../lib/gcc/avr/4.8.1/../../../../avr/lib/avr5\libc.a(strcmp.o)
 .data          0x00800104        0x0 c:/program files/atmel/atmel toolchain/avr8 gcc/native/3.4.1056/avr8-gnu-toolchain/bin/../lib/gcc/avr/4.8.1/../../../../avr/lib/avr5\libc.a(strcpy.o)
 .data          0x00800104        0x0 c:/program files/atmel/atmel toolchain/avr8 gcc/native/3.4.1056/avr8-gnu-toolchain/bin/../lib/gcc/avr/4.8.1/../../../../avr/lib/avr5\libc.a(strncmp.o)
 .data          0x00800104        0x0 c:/program files/atmel/atmel toolchain/avr8 gcc/native/3.4.1056/avr8-gnu-toolchain/bin/../lib/gcc/avr/4.8.1/../../../../avr/lib/avr5\libc.a(strncpy.o)
 .data          0x00800104        0x0 c:/program files/atmel/atmel toolchain/avr8 gcc/native/3.4.1056/avr8-gnu-toolchain/bin/../lib/gcc/avr/4.8.1/../../../../avr/lib/avr5\libc.a(strrchr.o)
 .data          0x00800104        0x0 c:/program files/atmel/atmel toolchain/avr8 gcc/native/3.4.1056/avr8-gnu-toolchain/bin/../lib/gcc/avr/4.8.1/../../../../avr/lib/avr5\libc.a(strstr.o)
 .data          0x00800104        0x0 c:/program files/atmel/atmel toolchain/avr8 gcc/native/3.4.1056/avr8-gnu-toolchain/bin/../lib/gcc/avr/4.8.1/../../../../avr/lib/avr5\libc.a(itoa.o)
 .data          0x00800104        0x0 c:/program files/atmel/atmel toolchain/avr8 gcc/native/3.4.1056/avr8-gnu-toolchain/bin/../lib/gcc/avr/4.8.1/../../../../avr/lib/avr5\libc.a(itoa_ncheck.o)
 .data          0x00800104        0x0 c:/program files/atmel/atmel toolchain/avr8 gcc/native/3.4.1056/avr8-gnu-toolchain/bin/../lib/gcc/avr/4.8.1/../../../../avr/lib/avr5\libc.a(ltoa.o)
 .data          0x00800104        0x0 c:/program files/atmel/atmel toolchain/avr8 gcc/native/3.4.1056/avr8-gnu-toolchain/bin/../lib/gcc/avr/4.8.1/../../../../avr/lib/avr5\libc.a(ltoa_ncheck.o)
 .data          0x00800104        0x0 c:/program files/atmel/atmel toolchain/avr8 gcc/native/3.4.1056/avr8-gnu-toolchain/bin/../lib/gcc/avr/4.8.1/../../../../avr/lib/avr5\libc.a(mulsi10.o)
 .data          0x00800104        0x0 c:/program files/atmel/atmel toolchain/avr8 gcc/native/3.4.1056/avr8-gnu-toolchain/bin/../lib/gcc/avr/4.8.1/../../../../avr/lib/avr5\libc.a(ultoa.o)
 .data          0x00800104        0x0 c:/program files/atmel/atmel toolchain/avr8 gcc/native/3.4.1056/avr8-gnu-toolchain/bin/../lib/gcc/avr/4.8.1/../../../../avr/lib/avr5\libc.a(ultoa_ncheck.o)
 .data          0x00800104        0x0 c:/program files/atmel/atmel toolchain/avr8 gcc/native/3.4.1056/avr8-gnu-toolchain/bin/../lib/gcc/avr/4.8.1/../../../../avr/lib/avr5\libc.a(utoa.o)
 .data          0x00800104        0x0 c:/program files/atmel/atmel toolchain/avr8 gcc/native/3.4.1056/avr8-gnu-toolchain/bin/../lib/gcc/avr/4.8.1/../../../../avr/lib/avr5\libc.a(utoa_ncheck.o)
 .data          0x00800104        0x0 c:/program files/atmel/atmel toolchain/avr8 gcc/native/3.4.1056/avr8-gnu-toolchain/bin/../lib/gcc/avr/4.8.1/../../../../avr/lib/avr5\libc.a(dtoa_prf.o)
 .data          0x00800104        0x0 c:/program files/atmel/atmel toolchain/avr8 gcc/native/3.4.1056/avr8-gnu-toolchain/bin/../lib/gcc/avr/4.8.1/../../../../avr/lib/avr5\libc.a(strtod.o)
 .data          0x00800104        0x0 c:/program files/atmel/atmel toolchain/avr8 gcc/native/3.4.1056/avr8-gnu-toolchain/bin/../lib/gcc/avr/4.8.1/../../../../avr/lib/avr5\libc.a(ftoa_engine.o)
 .data          0x00800104        0x0 c:/program files/atmel/atmel toolchain/avr8 gcc/native/3.4.1056/avr8-gnu-toolchain/bin/../lib/gcc/avr/4.8.1/../../../../avr/lib/avr5\libc.a(cty_isfalse.o)
 .data          0x00800104        0x0 c:/program files/atmel/atmel toolchain/avr8 gcc/native/3.4.1056/avr8-gnu-toolchain/bin/../lib/gcc/avr/4.8.1/../../../../avr/lib/avr5\libc.a(strncasecmp_P.o)
 .data          0x00800104        0x0 c:/program files/atmel/atmel toolchain/avr8 gcc/native/3.4.1056/avr8-gnu-toolchain/bin/../lib/gcc/avr/4.8.1/../../../../avr/lib/avr5\libc.a(strrev.o)
 .data          0x00800104        0x0 c:/program files/atmel/atmel toolchain/avr8 gcc/native/3.4.1056/avr8-gnu-toolchain/bin/../lib/gcc/avr/4.8.1/../../../../avr/lib/avr5\libc.a(errno.o)
 .data          0x00800104        0x0 c:/program files/atmel/atmel toolchain/avr8 gcc/native/3.4.1056/avr8-gnu-toolchain/bin/../lib/gcc/avr/4.8.1/avr5\libgcc.a(_mulshisi3.o)
 .data          0x00800104        0x0 c:/program files/atmel/atmel toolchain/avr8 gcc/native/3.4.1056/avr8-gnu-toolchain/bin/../lib/gcc/avr/4.8.1/avr5\libgcc.a(_prologue.o)
 .data          0x00800104        0x0 c:/program files/atmel/atmel toolchain/avr8 gcc/native/3.4.1056/avr8-gnu-toolchain/bin/../lib/gcc/avr/4.8.1/avr5\libgcc.a(_epilogue.o)
 *(.data*)
 .data._ZL9tone_pins
                0x00800104        0x1 src/arduino/cores/arduino/Tone.o
 *(.rodata)
 *(.rodata*)
 .rodata._ZTV14HardwareSerial
                0x00800105       0x10 src/arduino/cores/arduino/HardwareSerial.o
                0x00800105                _ZTV14HardwareSerial
 .rodata._ZTV9IPAddress
                0x00800115        0x6 src/arduino/cores/arduino/IPAddress.o
                0x00800115                _ZTV9IPAddress
 .rodata.str1.1
                0x0080011b       0x19 src/ProjectFiles/ProjectMain.o
 *(.gnu.linkonce.d*)
                0x00800134                . = ALIGN (0x2)
                0x00800134                _edata = .
                0x00800134                PROVIDE (__data_end, .)

.bss            0x00800134       0xc4
                0x00800134                PROVIDE (__bss_start, .)
 *(.bss)
 *(.bss*)
 .bss.Serial    0x00800134       0x22 src/arduino/cores/arduino/HardwareSerial.o
                0x00800134                Serial
 .bss.tx_buffer
                0x00800156       0x44 src/arduino/cores/arduino/HardwareSerial.o
                0x00800156                tx_buffer
 .bss.rx_buffer
                0x0080019a       0x44 src/arduino/cores/arduino/HardwareSerial.o
                0x0080019a                rx_buffer
 .bss._ZL11INADDR_NONE
                0x008001de        0x6 src/arduino/cores/arduino/IPAddress.o
 .bss.timer2_pin_mask
                0x008001e4        0x1 src/arduino/cores/arduino/Tone.o
                0x008001e4                timer2_pin_mask
 .bss.timer2_pin_port
                0x008001e5        0x2 src/arduino/cores/arduino/Tone.o
                0x008001e5                timer2_pin_port
 .bss.timer2_toggle_count
                0x008001e7        0x4 src/arduino/cores/arduino/Tone.o
                0x008001e7                timer2_toggle_count
 .bss.intFunc   0x008001eb        0x4 src/arduino/cores/arduino/WInterrupts.o
 .bss.timer0_fract
                0x008001ef        0x1 src/arduino/cores/arduino/wiring.o
 .bss.timer0_millis
                0x008001f0        0x4 src/arduino/cores/arduino/wiring.o
                0x008001f0                timer0_millis
 .bss.timer0_overflow_count
                0x008001f4        0x4 src/arduino/cores/arduino/wiring.o
                0x008001f4                timer0_overflow_count
 *(COMMON)
                0x008001f8                PROVIDE (__bss_end, .)
                0x00000db4                __data_load_start = LOADADDR (.data)
                0x00000de8                __data_load_end = (__data_load_start + SIZEOF (.data))

.noinit         0x008001f8        0x0
                0x008001f8                PROVIDE (__noinit_start, .)
 *(.noinit*)
                0x008001f8                PROVIDE (__noinit_end, .)
                0x008001f8                _end = .
                0x008001f8                PROVIDE (__heap_start, .)

.eeprom         0x00810000        0x0
 *(.eeprom*)
                0x00810000                __eeprom_end = .

.fuse
 *(.fuse)
 *(.lfuse)
 *(.hfuse)
 *(.efuse)

.lock
 *(.lock*)

.signature
 *(.signature*)

.user_signatures
 *(.user_signatures*)

.stab
 *(.stab)

.stabstr
 *(.stabstr)

.stab.excl
 *(.stab.excl)

.stab.exclstr
 *(.stab.exclstr)

.stab.index
 *(.stab.index)

.stab.indexstr
 *(.stab.indexstr)

.comment        0x00000000       0x5c
 *(.comment)
 .comment       0x00000000       0x30 src/arduino/cores/arduino/avr-libc/malloc.o
                                 0x31 (size before relaxing)
 .comment       0x00000000       0x31 src/arduino/cores/arduino/avr-libc/realloc.o
 .comment       0x00000000       0x31 src/arduino/cores/arduino/CDC.o
 .comment       0x00000000       0x31 src/arduino/cores/arduino/HardwareSerial.o
 .comment       0x00000000       0x31 src/arduino/cores/arduino/HID.o
 .comment       0x00000000       0x31 src/arduino/cores/arduino/IPAddress.o
 .comment       0x00000000       0x31 src/arduino/cores/arduino/main.o
 .comment       0x00000000       0x31 src/arduino/cores/arduino/new.o
 .comment       0x00000000       0x31 src/arduino/cores/arduino/Print.o
 .comment       0x00000000       0x31 src/arduino/cores/arduino/Stream.o
 .comment       0x00000000       0x31 src/arduino/cores/arduino/Tone.o
 .comment       0x00000000       0x31 src/arduino/cores/arduino/USBCore.o
 .comment       0x00000000       0x31 src/arduino/cores/arduino/WInterrupts.o
 .comment       0x00000000       0x31 src/arduino/cores/arduino/wiring.o
 .comment       0x00000000       0x31 src/arduino/cores/arduino/wiring_analog.o
 .comment       0x00000000       0x31 src/arduino/cores/arduino/wiring_digital.o
 .comment       0x00000000       0x31 src/arduino/cores/arduino/wiring_pulse.o
 .comment       0x00000000       0x31 src/arduino/cores/arduino/wiring_shift.o
 .comment       0x00000000       0x31 src/arduino/cores/arduino/WMath.o
 .comment       0x00000000       0x31 src/arduino/cores/arduino/WString.o
 .comment       0x00000000       0x31 src/ProjectFiles/ProjectMain.o
 .comment       0x00000000       0x31 c:/program files/atmel/atmel toolchain/avr8 gcc/native/3.4.1056/avr8-gnu-toolchain/bin/../lib/gcc/avr/4.8.1/../../../../avr/lib/avr5\libc.a(dtostrf.o)
 .comment       0x00000000       0x31 c:/program files/atmel/atmel toolchain/avr8 gcc/native/3.4.1056/avr8-gnu-toolchain/bin/../lib/gcc/avr/4.8.1/../../../../avr/lib/avr5\libc.a(random.o)
 .comment       0x00000000       0x31 c:/program files/atmel/atmel toolchain/avr8 gcc/native/3.4.1056/avr8-gnu-toolchain/bin/../lib/gcc/avr/4.8.1/../../../../avr/lib/avr5\libc.a(dtoa_prf.o)
 .comment       0x00000000       0x31 c:/program files/atmel/atmel toolchain/avr8 gcc/native/3.4.1056/avr8-gnu-toolchain/bin/../lib/gcc/avr/4.8.1/../../../../avr/lib/avr5\libc.a(strtod.o)
 .comment       0x00000030       0x2c c:/program files/atmel/atmel toolchain/avr8 gcc/native/3.4.1056/avr8-gnu-toolchain/bin/../lib/gcc/avr/4.8.1/../../../../avr/lib/avr5\libc.a(errno.o)
                                 0x2d (size before relaxing)

.note.gnu.build-id
 *(.note.gnu.build-id)

.debug
 *(.debug)

.line
 *(.line)

.debug_srcinfo
 *(.debug_srcinfo)

.debug_sfnames
 *(.debug_sfnames)

.debug_aranges  0x00000000      0x7e0
 *(.debug_aranges)
 .debug_aranges
                0x00000000       0x28 src/arduino/cores/arduino/avr-libc/malloc.o
 .debug_aranges
                0x00000028       0x20 src/arduino/cores/arduino/avr-libc/realloc.o
 .debug_aranges
                0x00000048       0x18 src/arduino/cores/arduino/CDC.o
 .debug_aranges
                0x00000060       0x90 src/arduino/cores/arduino/HardwareSerial.o
 .debug_aranges
                0x000000f0       0x18 src/arduino/cores/arduino/HID.o
 .debug_aranges
                0x00000108       0x60 src/arduino/cores/arduino/IPAddress.o
 .debug_aranges
                0x00000168       0x30 src/arduino/cores/arduino/main.o
 .debug_aranges
                0x00000198       0x58 src/arduino/cores/arduino/new.o
 .debug_aranges
                0x000001f0       0xe8 src/arduino/cores/arduino/Print.o
 .debug_aranges
                0x000002d8       0x98 src/arduino/cores/arduino/Stream.o
 .debug_aranges
                0x00000370       0x38 src/arduino/cores/arduino/Tone.o
 .debug_aranges
                0x000003a8       0x18 src/arduino/cores/arduino/USBCore.o
 .debug_aranges
                0x000003c0       0x38 src/arduino/cores/arduino/WInterrupts.o
 .debug_aranges
                0x000003f8       0x48 src/arduino/cores/arduino/wiring.o
 .debug_aranges
                0x00000440       0x30 src/arduino/cores/arduino/wiring_analog.o
 .debug_aranges
                0x00000470       0x38 src/arduino/cores/arduino/wiring_digital.o
 .debug_aranges
                0x000004a8       0x20 src/arduino/cores/arduino/wiring_pulse.o
 .debug_aranges
                0x000004c8       0x28 src/arduino/cores/arduino/wiring_shift.o
 .debug_aranges
                0x000004f0       0x48 src/arduino/cores/arduino/WMath.o
 .debug_aranges
                0x00000538      0x280 src/arduino/cores/arduino/WString.o
 .debug_aranges
                0x000007b8       0x28 src/ProjectFiles/ProjectMain.o

.debug_pubnames
 *(.debug_pubnames)

.debug_info     0x00000000     0xd2cc
 *(.debug_info .gnu.linkonce.wi.*)
 .debug_info    0x00000000      0x243 src/arduino/cores/arduino/avr-libc/malloc.o
 .debug_info    0x00000243      0x29a src/arduino/cores/arduino/avr-libc/realloc.o
 .debug_info    0x000004dd      0x128 src/arduino/cores/arduino/CDC.o
 .debug_info    0x00000605     0x1c2e src/arduino/cores/arduino/HardwareSerial.o
 .debug_info    0x00002233      0x128 src/arduino/cores/arduino/HID.o
 .debug_info    0x0000235b      0x946 src/arduino/cores/arduino/IPAddress.o
 .debug_info    0x00002ca1      0x1fb src/arduino/cores/arduino/main.o
 .debug_info    0x00002e9c      0x230 src/arduino/cores/arduino/new.o
 .debug_info    0x000030cc     0x2594 src/arduino/cores/arduino/Print.o
 .debug_info    0x00005660     0x1ad1 src/arduino/cores/arduino/Stream.o
 .debug_info    0x00007131      0x738 src/arduino/cores/arduino/Tone.o
 .debug_info    0x00007869      0x128 src/arduino/cores/arduino/USBCore.o
 .debug_info    0x00007991      0x1f9 src/arduino/cores/arduino/WInterrupts.o
 .debug_info    0x00007b8a      0x2a1 src/arduino/cores/arduino/wiring.o
 .debug_info    0x00007e2b      0x2ce src/arduino/cores/arduino/wiring_analog.o
 .debug_info    0x000080f9      0x5cf src/arduino/cores/arduino/wiring_digital.o
 .debug_info    0x000086c8      0x2ea src/arduino/cores/arduino/wiring_pulse.o
 .debug_info    0x000089b2      0x2be src/arduino/cores/arduino/wiring_shift.o
 .debug_info    0x00008c70      0x22d src/arduino/cores/arduino/WMath.o
 .debug_info    0x00008e9d     0x40de src/arduino/cores/arduino/WString.o
 .debug_info    0x0000cf7b      0x351 src/ProjectFiles/ProjectMain.o

.debug_abbrev   0x00000000     0x2540
 *(.debug_abbrev)
 .debug_abbrev  0x00000000       0xfd src/arduino/cores/arduino/avr-libc/malloc.o
 .debug_abbrev  0x000000fd      0x13d src/arduino/cores/arduino/avr-libc/realloc.o
 .debug_abbrev  0x0000023a       0x58 src/arduino/cores/arduino/CDC.o
 .debug_abbrev  0x00000292      0x508 src/arduino/cores/arduino/HardwareSerial.o
 .debug_abbrev  0x0000079a       0x58 src/arduino/cores/arduino/HID.o
 .debug_abbrev  0x000007f2      0x333 src/arduino/cores/arduino/IPAddress.o
 .debug_abbrev  0x00000b25       0xd7 src/arduino/cores/arduino/main.o
 .debug_abbrev  0x00000bfc      0x13f src/arduino/cores/arduino/new.o
 .debug_abbrev  0x00000d3b      0x3b9 src/arduino/cores/arduino/Print.o
 .debug_abbrev  0x000010f4      0x376 src/arduino/cores/arduino/Stream.o
 .debug_abbrev  0x0000146a      0x261 src/arduino/cores/arduino/Tone.o
 .debug_abbrev  0x000016cb       0x58 src/arduino/cores/arduino/USBCore.o
 .debug_abbrev  0x00001723       0xe6 src/arduino/cores/arduino/WInterrupts.o
 .debug_abbrev  0x00001809      0x134 src/arduino/cores/arduino/wiring.o
 .debug_abbrev  0x0000193d      0x183 src/arduino/cores/arduino/wiring_analog.o
 .debug_abbrev  0x00001ac0      0x149 src/arduino/cores/arduino/wiring_digital.o
 .debug_abbrev  0x00001c09      0x10c src/arduino/cores/arduino/wiring_pulse.o
 .debug_abbrev  0x00001d15      0x121 src/arduino/cores/arduino/wiring_shift.o
 .debug_abbrev  0x00001e36      0x13d src/arduino/cores/arduino/WMath.o
 .debug_abbrev  0x00001f73      0x491 src/arduino/cores/arduino/WString.o
 .debug_abbrev  0x00002404      0x13c src/ProjectFiles/ProjectMain.o

.debug_line     0x00000000     0x2cff
 *(.debug_line .debug_line.* .debug_line_end)
 .debug_line    0x00000000      0x1dc src/arduino/cores/arduino/avr-libc/malloc.o
 .debug_line    0x000001dc      0x1b7 src/arduino/cores/arduino/avr-libc/realloc.o
 .debug_line    0x00000393       0xb8 src/arduino/cores/arduino/CDC.o
 .debug_line    0x0000044b      0x340 src/arduino/cores/arduino/HardwareSerial.o
 .debug_line    0x0000078b       0xb8 src/arduino/cores/arduino/HID.o
 .debug_line    0x00000843      0x267 src/arduino/cores/arduino/IPAddress.o
 .debug_line    0x00000aaa      0x143 src/arduino/cores/arduino/main.o
 .debug_line    0x00000bed      0x1ab src/arduino/cores/arduino/new.o
 .debug_line    0x00000d98      0x42f src/arduino/cores/arduino/Print.o
 .debug_line    0x000011c7      0x37b src/arduino/cores/arduino/Stream.o
 .debug_line    0x00001542      0x1d7 src/arduino/cores/arduino/Tone.o
 .debug_line    0x00001719       0xb8 src/arduino/cores/arduino/USBCore.o
 .debug_line    0x000017d1      0x155 src/arduino/cores/arduino/WInterrupts.o
 .debug_line    0x00001926      0x198 src/arduino/cores/arduino/wiring.o
 .debug_line    0x00001abe      0x15f src/arduino/cores/arduino/wiring_analog.o
 .debug_line    0x00001c1d      0x16a src/arduino/cores/arduino/wiring_digital.o
 .debug_line    0x00001d87      0x13c src/arduino/cores/arduino/wiring_pulse.o
 .debug_line    0x00001ec3      0x122 src/arduino/cores/arduino/wiring_shift.o
 .debug_line    0x00001fe5      0x119 src/arduino/cores/arduino/WMath.o
 .debug_line    0x000020fe      0xa3a src/arduino/cores/arduino/WString.o
 .debug_line    0x00002b38      0x1c7 src/ProjectFiles/ProjectMain.o

.debug_frame    0x00000000     0x1a74
 *(.debug_frame)
 .debug_frame   0x00000000       0x54 src/arduino/cores/arduino/avr-libc/malloc.o
 .debug_frame   0x00000054       0x58 src/arduino/cores/arduino/avr-libc/realloc.o
 .debug_frame   0x000000ac      0x244 src/arduino/cores/arduino/HardwareSerial.o
 .debug_frame   0x000002f0       0xe8 src/arduino/cores/arduino/IPAddress.o
 .debug_frame   0x000003d8       0x44 src/arduino/cores/arduino/main.o
 .debug_frame   0x0000041c       0x94 src/arduino/cores/arduino/new.o
 .debug_frame   0x000004b0      0x3b8 src/arduino/cores/arduino/Print.o
 .debug_frame   0x00000868      0x2e4 src/arduino/cores/arduino/Stream.o
 .debug_frame   0x00000b4c      0x100 src/arduino/cores/arduino/Tone.o
 .debug_frame   0x00000c4c       0xe4 src/arduino/cores/arduino/WInterrupts.o
 .debug_frame   0x00000d30       0xbc src/arduino/cores/arduino/wiring.o
 .debug_frame   0x00000dec       0x54 src/arduino/cores/arduino/wiring_analog.o
 .debug_frame   0x00000e40       0x7c src/arduino/cores/arduino/wiring_digital.o
 .debug_frame   0x00000ebc       0x58 src/arduino/cores/arduino/wiring_pulse.o
 .debug_frame   0x00000f14       0x8c src/arduino/cores/arduino/wiring_shift.o
 .debug_frame   0x00000fa0       0xe8 src/arduino/cores/arduino/WMath.o
 .debug_frame   0x00001088      0x9b8 src/arduino/cores/arduino/WString.o
 .debug_frame   0x00001a40       0x34 src/ProjectFiles/ProjectMain.o

.debug_str      0x00000000     0x22d7
 *(.debug_str)
 .debug_str     0x00000000      0x1db src/arduino/cores/arduino/avr-libc/malloc.o
                                0x214 (size before relaxing)
 .debug_str     0x000001db       0x57 src/arduino/cores/arduino/avr-libc/realloc.o
                                0x1f4 (size before relaxing)
 .debug_str     0x00000232      0x113 src/arduino/cores/arduino/CDC.o
                                0x1c8 (size before relaxing)
 .debug_str     0x00000345      0xe72 src/arduino/cores/arduino/HardwareSerial.o
                               0x10b5 (size before relaxing)
 .debug_str     0x000011b7       0x25 src/arduino/cores/arduino/HID.o
                                0x1c8 (size before relaxing)
 .debug_str     0x000011dc      0x258 src/arduino/cores/arduino/IPAddress.o
                                0x4b8 (size before relaxing)
 .debug_str     0x00001434       0x4e src/arduino/cores/arduino/main.o
                                0x206 (size before relaxing)
 .debug_str     0x00001482       0xd4 src/arduino/cores/arduino/new.o
                                0x210 (size before relaxing)
 .debug_str     0x00001556      0x38c src/arduino/cores/arduino/Print.o
                                0xe37 (size before relaxing)
 .debug_str     0x000018e2       0x92 src/arduino/cores/arduino/Stream.o
                                0xd8f (size before relaxing)
 .debug_str     0x00001974      0x1c1 src/arduino/cores/arduino/Tone.o
                                0x392 (size before relaxing)
 .debug_str     0x00001b35       0x29 src/arduino/cores/arduino/USBCore.o
                                0x1cc (size before relaxing)
 .debug_str     0x00001b5e       0x90 src/arduino/cores/arduino/WInterrupts.o
                                0x1f0 (size before relaxing)
 .debug_str     0x00001bee       0x8a src/arduino/cores/arduino/wiring.o
                                0x1fc (size before relaxing)
 .debug_str     0x00001c78       0x83 src/arduino/cores/arduino/wiring_analog.o
                                0x20f (size before relaxing)
 .debug_str     0x00001cfb       0x68 src/arduino/cores/arduino/wiring_digital.o
                                0x270 (size before relaxing)
 .debug_str     0x00001d63       0x5c src/arduino/cores/arduino/wiring_pulse.o
                                0x221 (size before relaxing)
 .debug_str     0x00001dbf       0x57 src/arduino/cores/arduino/wiring_shift.o
                                0x1cd (size before relaxing)
 .debug_str     0x00001e16       0xc9 src/arduino/cores/arduino/WMath.o
                                0x206 (size before relaxing)
 .debug_str     0x00001edf      0x3d4 src/arduino/cores/arduino/WString.o
                                0xe59 (size before relaxing)
 .debug_str     0x000022b3       0x24 src/ProjectFiles/ProjectMain.o
                                0x272 (size before relaxing)

.debug_loc      0x00000000     0xa800
 *(.debug_loc)
 .debug_loc     0x00000000      0x567 src/arduino/cores/arduino/avr-libc/malloc.o
 .debug_loc     0x00000567      0x56e src/arduino/cores/arduino/avr-libc/realloc.o
 .debug_loc     0x00000ad5      0x812 src/arduino/cores/arduino/HardwareSerial.o
 .debug_loc     0x000012e7      0x27f src/arduino/cores/arduino/IPAddress.o
 .debug_loc     0x00001566       0x26 src/arduino/cores/arduino/main.o
 .debug_loc     0x0000158c       0xc0 src/arduino/cores/arduino/new.o
 .debug_loc     0x0000164c     0x1f08 src/arduino/cores/arduino/Print.o
 .debug_loc     0x00003554     0x1102 src/arduino/cores/arduino/Stream.o
 .debug_loc     0x00004656      0x952 src/arduino/cores/arduino/Tone.o
 .debug_loc     0x00004fa8      0x214 src/arduino/cores/arduino/WInterrupts.o
 .debug_loc     0x000051bc      0x22a src/arduino/cores/arduino/wiring.o
 .debug_loc     0x000053e6      0x11e src/arduino/cores/arduino/wiring_analog.o
 .debug_loc     0x00005504      0x61f src/arduino/cores/arduino/wiring_digital.o
 .debug_loc     0x00005b23      0x47a src/arduino/cores/arduino/wiring_pulse.o
 .debug_loc     0x00005f9d      0x2e7 src/arduino/cores/arduino/wiring_shift.o
 .debug_loc     0x00006284      0x385 src/arduino/cores/arduino/WMath.o
 .debug_loc     0x00006609     0x41f7 src/arduino/cores/arduino/WString.o

.debug_macinfo
 *(.debug_macinfo)

.debug_weaknames
 *(.debug_weaknames)

.debug_funcnames
 *(.debug_funcnames)

.debug_typenames
 *(.debug_typenames)

.debug_varnames
 *(.debug_varnames)

.debug_pubtypes
 *(.debug_pubtypes)

.debug_ranges   0x00000000      0x7b8
 *(.debug_ranges)
 .debug_ranges  0x00000000       0x18 src/arduino/cores/arduino/avr-libc/malloc.o
 .debug_ranges  0x00000018       0x10 src/arduino/cores/arduino/avr-libc/realloc.o
 .debug_ranges  0x00000028       0x80 src/arduino/cores/arduino/HardwareSerial.o
 .debug_ranges  0x000000a8       0x68 src/arduino/cores/arduino/IPAddress.o
 .debug_ranges  0x00000110       0x20 src/arduino/cores/arduino/main.o
 .debug_ranges  0x00000130       0x48 src/arduino/cores/arduino/new.o
 .debug_ranges  0x00000178      0x150 src/arduino/cores/arduino/Print.o
 .debug_ranges  0x000002c8       0xa0 src/arduino/cores/arduino/Stream.o
 .debug_ranges  0x00000368       0x58 src/arduino/cores/arduino/Tone.o
 .debug_ranges  0x000003c0       0x28 src/arduino/cores/arduino/WInterrupts.o
 .debug_ranges  0x000003e8       0x38 src/arduino/cores/arduino/wiring.o
 .debug_ranges  0x00000420       0x20 src/arduino/cores/arduino/wiring_analog.o
 .debug_ranges  0x00000440       0x28 src/arduino/cores/arduino/wiring_digital.o
 .debug_ranges  0x00000468       0x40 src/arduino/cores/arduino/wiring_pulse.o
 .debug_ranges  0x000004a8       0x18 src/arduino/cores/arduino/wiring_shift.o
 .debug_ranges  0x000004c0       0x38 src/arduino/cores/arduino/WMath.o
 .debug_ranges  0x000004f8      0x2a8 src/arduino/cores/arduino/WString.o
 .debug_ranges  0x000007a0       0x18 src/ProjectFiles/ProjectMain.o

.debug_macro
 *(.debug_macro)
OUTPUT(ArduinoUNO.elf elf32-avr)
LOAD linker stubs
